Archive member included because of file (symbol)

c:/freescale/kds_v3/toolchain/bin/../lib/gcc/arm-none-eabi/4.8.4/../../../../arm-none-eabi/lib/armv7e-m/fpu\libg_s.a(lib_a-exit.o)
                              c:/freescale/kds_v3/toolchain/bin/../lib/gcc/arm-none-eabi/4.8.4/../../../../arm-none-eabi/lib/armv7e-m/fpu/crt0.o (exit)
c:/freescale/kds_v3/toolchain/bin/../lib/gcc/arm-none-eabi/4.8.4/../../../../arm-none-eabi/lib/armv7e-m/fpu\libg_s.a(lib_a-impure.o)
                              c:/freescale/kds_v3/toolchain/bin/../lib/gcc/arm-none-eabi/4.8.4/../../../../arm-none-eabi/lib/armv7e-m/fpu\libg_s.a(lib_a-exit.o) (_global_impure_ptr)
c:/freescale/kds_v3/toolchain/bin/../lib/gcc/arm-none-eabi/4.8.4/../../../../arm-none-eabi/lib/armv7e-m/fpu\libg_s.a(lib_a-init.o)
                              c:/freescale/kds_v3/toolchain/bin/../lib/gcc/arm-none-eabi/4.8.4/../../../../arm-none-eabi/lib/armv7e-m/fpu/crt0.o (__libc_init_array)
c:/freescale/kds_v3/toolchain/bin/../lib/gcc/arm-none-eabi/4.8.4/../../../../arm-none-eabi/lib/armv7e-m/fpu\libg_s.a(lib_a-memcpy-stub.o)
                              ./freertos/source/queue.o (memcpy)
c:/freescale/kds_v3/toolchain/bin/../lib/gcc/arm-none-eabi/4.8.4/../../../../arm-none-eabi/lib/armv7e-m/fpu\libg_s.a(lib_a-memset.o)
                              c:/freescale/kds_v3/toolchain/bin/../lib/gcc/arm-none-eabi/4.8.4/../../../../arm-none-eabi/lib/armv7e-m/fpu/crt0.o (memset)
c:/freescale/kds_v3/toolchain/bin/../lib/gcc/arm-none-eabi/4.8.4/../../../../arm-none-eabi/lib/armv7e-m/fpu\libg_s.a(lib_a-sprintf.o)
                              ./freertos/source/tasks.o (sprintf)
c:/freescale/kds_v3/toolchain/bin/../lib/gcc/arm-none-eabi/4.8.4/../../../../arm-none-eabi/lib/armv7e-m/fpu\libg_s.a(lib_a-strcpy.o)
                              ./freertos/source/tasks.o (strcpy)
c:/freescale/kds_v3/toolchain/bin/../lib/gcc/arm-none-eabi/4.8.4/../../../../arm-none-eabi/lib/armv7e-m/fpu\libg_s.a(lib_a-strlen.o)
                              ./utilities/fsl_str.o (strlen)
c:/freescale/kds_v3/toolchain/bin/../lib/gcc/arm-none-eabi/4.8.4/../../../../arm-none-eabi/lib/armv7e-m/fpu\libg_s.a(lib_a-svfprintf.o)
                              c:/freescale/kds_v3/toolchain/bin/../lib/gcc/arm-none-eabi/4.8.4/../../../../arm-none-eabi/lib/armv7e-m/fpu\libg_s.a(lib_a-sprintf.o) (_svfprintf_r)
c:/freescale/kds_v3/toolchain/bin/../lib/gcc/arm-none-eabi/4.8.4/../../../../arm-none-eabi/lib/armv7e-m/fpu\libg_s.a(lib_a-vfprintf_i.o)
                              c:/freescale/kds_v3/toolchain/bin/../lib/gcc/arm-none-eabi/4.8.4/../../../../arm-none-eabi/lib/armv7e-m/fpu\libg_s.a(lib_a-svfprintf.o) (_printf_i)
c:/freescale/kds_v3/toolchain/bin/../lib/gcc/arm-none-eabi/4.8.4/../../../../arm-none-eabi/lib/armv7e-m/fpu\libg_s.a(lib_a-memchr-stub.o)
                              c:/freescale/kds_v3/toolchain/bin/../lib/gcc/arm-none-eabi/4.8.4/../../../../arm-none-eabi/lib/armv7e-m/fpu\libg_s.a(lib_a-svfprintf.o) (memchr)
c:/freescale/kds_v3/toolchain/bin/../lib/gcc/arm-none-eabi/4.8.4/../../../../arm-none-eabi/lib/armv7e-m/fpu\libg_s.a(lib_a-memmove.o)
                              c:/freescale/kds_v3/toolchain/bin/../lib/gcc/arm-none-eabi/4.8.4/../../../../arm-none-eabi/lib/armv7e-m/fpu\libg_s.a(lib_a-svfprintf.o) (memmove)
c:/freescale/kds_v3/toolchain/bin/../lib/gcc/arm-none-eabi/4.8.4/../../../../arm-none-eabi/lib/armv7e-m/fpu\libg_s.a(lib_a-nano-freer.o)
                              c:/freescale/kds_v3/toolchain/bin/../lib/gcc/arm-none-eabi/4.8.4/../../../../arm-none-eabi/lib/armv7e-m/fpu\libg_s.a(lib_a-svfprintf.o) (_free_r)
c:/freescale/kds_v3/toolchain/bin/../lib/gcc/arm-none-eabi/4.8.4/../../../../arm-none-eabi/lib/armv7e-m/fpu\libg_s.a(lib_a-nano-mallocr.o)
                              c:/freescale/kds_v3/toolchain/bin/../lib/gcc/arm-none-eabi/4.8.4/../../../../arm-none-eabi/lib/armv7e-m/fpu\libg_s.a(lib_a-svfprintf.o) (_malloc_r)
c:/freescale/kds_v3/toolchain/bin/../lib/gcc/arm-none-eabi/4.8.4/../../../../arm-none-eabi/lib/armv7e-m/fpu\libg_s.a(lib_a-nano-reallocr.o)
                              c:/freescale/kds_v3/toolchain/bin/../lib/gcc/arm-none-eabi/4.8.4/../../../../arm-none-eabi/lib/armv7e-m/fpu\libg_s.a(lib_a-svfprintf.o) (_realloc_r)
c:/freescale/kds_v3/toolchain/bin/../lib/gcc/arm-none-eabi/4.8.4/../../../../arm-none-eabi/lib/armv7e-m/fpu\libg_s.a(lib_a-sbrkr.o)
                              c:/freescale/kds_v3/toolchain/bin/../lib/gcc/arm-none-eabi/4.8.4/../../../../arm-none-eabi/lib/armv7e-m/fpu\libg_s.a(lib_a-nano-mallocr.o) (_sbrk_r)
c:/freescale/kds_v3/toolchain/bin/../lib/gcc/arm-none-eabi/4.8.4/../../../../arm-none-eabi/lib/armv7e-m/fpu\libg_s.a(lib_a-nano-msizer.o)
                              c:/freescale/kds_v3/toolchain/bin/../lib/gcc/arm-none-eabi/4.8.4/../../../../arm-none-eabi/lib/armv7e-m/fpu\libg_s.a(lib_a-nano-reallocr.o) (_malloc_usable_size_r)
[...]
Memory Configuration

Name             Origin             Length             Attributes
m_interrupts     0x00000000         0x00000400         xr
m_flash_config   0x00000400         0x00000010         xr
m_text           0x00000410         0x000ffbf0         xr
m_data           0x1fff0000         0x00010000         rw
m_data_2         0x20000000         0x00030000         rw
*default*        0x00000000         0xffffffff

Linker script and memory map

LOAD c:/freescale/kds_v3/toolchain/bin/../lib/gcc/arm-none-eabi/4.8.4/armv7e-m/fpu/crti.o
LOAD c:/freescale/kds_v3/toolchain/bin/../lib/gcc/arm-none-eabi/4.8.4/armv7e-m/fpu/crtbegin.o
LOAD c:/freescale/kds_v3/toolchain/bin/../lib/gcc/arm-none-eabi/4.8.4/../../../../arm-none-eabi/lib/armv7e-m/fpu/crt0.o
START GROUP
LOAD ./utilities/fsl_assert.o
LOAD ./utilities/fsl_debug_console.o
LOAD ./utilities/fsl_io.o
LOAD ./utilities/fsl_log.o
LOAD ./utilities/fsl_str.o
LOAD ./usb/host/class/usb_host_hid.o
LOAD ./usb/host/class/usb_host_hub.o
LOAD ./usb/host/class/usb_host_hub_app.o
LOAD ./usb/host/usb_host_devices.o
LOAD ./usb/host/usb_host_framework.o
LOAD ./usb/host/usb_host_hci.o
LOAD ./usb/host/usb_host_khci.o
LOAD ./startup/startup_MK64F12.o
LOAD ./startup/system_MK64F12.o
LOAD ./sources/app.o
LOAD ./sources/host_mouse.o
LOAD ./osa/usb_osa_freertos.o
LOAD ./freertos/source/croutine.o
LOAD ./freertos/source/event_groups.o
LOAD ./freertos/source/list.o
LOAD ./freertos/source/queue.o
LOAD ./freertos/source/tasks.o
LOAD ./freertos/source/timers.o
LOAD ./freertos/portable/fsl_tickless_systick.o
LOAD ./freertos/portable/heap_4.o
LOAD ./freertos/portable/port.o
LOAD ./drivers/fsl_clock.o
LOAD ./drivers/fsl_common.o
LOAD ./drivers/fsl_flash.o
LOAD ./drivers/fsl_gpio.o
LOAD ./drivers/fsl_sim.o
LOAD ./drivers/fsl_smc.o
LOAD ./drivers/fsl_sysmpu.o
LOAD ./drivers/fsl_uart.o
LOAD ./board/board.o
LOAD ./board/clock_config.o
LOAD ./board/pin_mux.o
LOAD c:/freescale/kds_v3/toolchain/bin/../lib/gcc/arm-none-eabi/4.8.4/../../../../arm-none-eabi/lib/armv7e-m/fpu\libg_s.a
LOAD c:/freescale/kds_v3/toolchain/bin/../lib/gcc/arm-none-eabi/4.8.4/armv7e-m/fpu\libgcc.a
LOAD c:/freescale/kds_v3/toolchain/bin/../lib/gcc/arm-none-eabi/4.8.4/../../../../arm-none-eabi/lib/armv7e-m/fpu\libnosys.a
END GROUP
LOAD c:/freescale/kds_v3/toolchain/bin/../lib/gcc/arm-none-eabi/4.8.4/../../../../arm-none-eabi/lib/armv7e-m/fpu\libstdc++_s.a
LOAD c:/freescale/kds_v3/toolchain/bin/../lib/gcc/arm-none-eabi/4.8.4/../../../../arm-none-eabi/lib/armv7e-m/fpu\libm.a
START GROUP
LOAD c:/freescale/kds_v3/toolchain/bin/../lib/gcc/arm-none-eabi/4.8.4/armv7e-m/fpu\libgcc.a
LOAD c:/freescale/kds_v3/toolchain/bin/../lib/gcc/arm-none-eabi/4.8.4/../../../../arm-none-eabi/lib/armv7e-m/fpu\libg_s.a
LOAD c:/freescale/kds_v3/toolchain/bin/../lib/gcc/arm-none-eabi/4.8.4/../../../../arm-none-eabi/lib/armv7e-m/fpu\libc_s.a
END GROUP
START GROUP
LOAD c:/freescale/kds_v3/toolchain/bin/../lib/gcc/arm-none-eabi/4.8.4/armv7e-m/fpu\libgcc.a
LOAD c:/freescale/kds_v3/toolchain/bin/../lib/gcc/arm-none-eabi/4.8.4/../../../../arm-none-eabi/lib/armv7e-m/fpu\libc_s.a
END GROUP
LOAD c:/freescale/kds_v3/toolchain/bin/../lib/gcc/arm-none-eabi/4.8.4/armv7e-m/fpu/crtend.o
LOAD c:/freescale/kds_v3/toolchain/bin/../lib/gcc/arm-none-eabi/4.8.4/armv7e-m/fpu/crtn.o
                0x00000100                HEAP_SIZE = DEFINED (__heap_size__)?__heap_size__:0x100
                0x00002000                STACK_SIZE = DEFINED (__stack_size__)?__stack_size__:0x2000

.interrupts     0x00000000      0x400
                0x00000000                . = ALIGN (0x4)
 *(.isr_vector)
 .isr_vector    0x00000000      0x400 ./startup/startup_MK64F12.o
                0x00000000                __isr_vector
                0x00000400                . = ALIGN (0x4)

.flash_config   0x00000400       0x10
                0x00000400                . = ALIGN (0x4)
 *(.FlashConfig)
 .FlashConfig   0x00000400       0x10 ./startup/startup_MK64F12.o
                0x00000410                . = ALIGN (0x4)

.text           0x00000410     0xbb8c
                0x00000410                . = ALIGN (0x4)
 *(.text)
 .text          0x00000410       0x54 c:/freescale/kds_v3/toolchain/bin/../lib/gcc/arm-none-eabi/4.8.4/armv7e-m/fpu/crtbegin.o
 .text          0x00000464       0x74 c:/freescale/kds_v3/toolchain/bin/../lib/gcc/arm-none-eabi/4.8.4/../../../../arm-none-eabi/lib/armv7e-m/fpu/crt0.o
                0x00000464                _start
                0x00000464                _mainCRTStartup
 .text          0x000004d8      0x200 ./startup/startup_MK64F12.o
                0x000004d8                Reset_Handler
                0x00000538                DebugMon_Handler
                0x00000538                PORTC_IRQHandler
                0x00000538                DMA0_DriverIRQHandler
                0x00000538                DMA12_DriverIRQHandler
                0x00000538                MemManage_Handler
                0x00000538                SPI1_DriverIRQHandler
                0x00000538                DMA_Error_DriverIRQHandler
                0x00000538                CMP0_IRQHandler
                0x00000538                WDOG_EWM_IRQHandler
                0x00000538                DMA7_DriverIRQHandler
                0x00000538                I2C0_DriverIRQHandler
                0x00000538                ENET_Transmit_DriverIRQHandler
                0x00000538                DMA2_DriverIRQHandler
                0x00000538                UART1_ERR_DriverIRQHandler
                0x00000538                SDHC_DriverIRQHandler
                0x00000538                PIT0_IRQHandler
                0x00000538                BusFault_Handler
                0x00000538                CMP2_IRQHandler
                0x00000538                LLWU_IRQHandler
                0x00000538                I2S0_Tx_DriverIRQHandler
                0x00000538                DMA6_DriverIRQHandler
                0x00000538                LPTMR0_IRQHandler
                0x00000538                FTM2_IRQHandler
                0x00000538                PORTE_IRQHandler
                0x00000538                ENET_1588_Timer_DriverIRQHandler
                0x00000538                I2C2_DriverIRQHandler
                0x00000538                SWI_IRQHandler
                0x00000538                ADC0_IRQHandler
                0x00000538                UsageFault_Handler
                0x00000538                FTM3_IRQHandler
                0x00000538                CMT_IRQHandler
                0x00000538                CAN0_DriverIRQHandler
                0x00000538                MCM_IRQHandler
                0x00000538                DefaultISR
                0x00000538                DAC1_IRQHandler
                0x00000538                UART5_ERR_DriverIRQHandler
                0x00000538                PORTA_IRQHandler
                0x00000538                DMA11_DriverIRQHandler
                0x00000538                CMP1_IRQHandler
                0x00000538                Reserved71_IRQHandler
                0x00000538                PORTD_IRQHandler
                0x00000538                PORTB_IRQHandler
                0x00000538                DMA10_DriverIRQHandler
                0x00000538                FTM0_IRQHandler
                0x00000538                UART2_ERR_DriverIRQHandler
                0x00000538                SPI2_DriverIRQHandler
                0x00000538                ADC1_IRQHandler
                0x00000538                DMA5_DriverIRQHandler
                0x00000538                DMA4_DriverIRQHandler
                0x00000538                LVD_LVW_IRQHandler
                0x00000538                PIT2_IRQHandler
                0x00000538                PIT1_IRQHandler
                0x00000538                SPI0_DriverIRQHandler
                0x00000538                RTC_IRQHandler
                0x00000538                UART3_ERR_DriverIRQHandler
                0x00000538                PDB0_IRQHandler
                0x00000538                MCG_IRQHandler
                0x00000538                FTM1_IRQHandler
                0x00000538                DMA15_DriverIRQHandler
                0x00000538                ENET_Error_DriverIRQHandler
                0x00000538                DMA3_DriverIRQHandler
                0x00000538                PIT3_IRQHandler
                0x00000538                DMA13_DriverIRQHandler
                0x00000538                RTC_Seconds_IRQHandler
                0x00000538                UART4_ERR_DriverIRQHandler
                0x00000538                FTFE_IRQHandler
                0x00000538                DMA9_DriverIRQHandler
                0x00000538                DMA8_DriverIRQHandler
                0x00000538                UART0_ERR_DriverIRQHandler
                0x00000538                DAC0_IRQHandler
                0x00000538                ENET_Receive_DriverIRQHandler
                0x00000538                I2C1_DriverIRQHandler
                0x00000538                Read_Collision_IRQHandler
                0x00000538                DMA14_DriverIRQHandler
                0x00000538                DMA1_DriverIRQHandler
                0x00000538                RNG_IRQHandler
                0x00000538                USBDCD_IRQHandler
                0x00000538                I2S0_Rx_DriverIRQHandler
                0x00000538                UART0_LON_DriverIRQHandler
                0x0000053c                NMI_Handler
                0x00000540                HardFault_Handler
                0x00000550                DMA0_IRQHandler
                0x00000554                DMA1_IRQHandler
                0x00000558                DMA2_IRQHandler
                0x0000055c                DMA3_IRQHandler
                0x00000560                DMA4_IRQHandler
                0x00000564                DMA5_IRQHandler
                0x00000568                DMA6_IRQHandler
                0x0000056c                DMA7_IRQHandler
                0x00000570                DMA8_IRQHandler
                0x00000574                DMA9_IRQHandler
                0x00000578                DMA10_IRQHandler
                0x0000057c                DMA11_IRQHandler
                0x00000580                DMA12_IRQHandler
                0x00000584                DMA13_IRQHandler
                0x00000588                DMA14_IRQHandler
                0x0000058c                DMA15_IRQHandler
                0x00000590                DMA_Error_IRQHandler
                0x00000594                I2C0_IRQHandler
                0x00000598                I2C1_IRQHandler
                0x0000059c                SPI0_IRQHandler
                0x000005a0                SPI1_IRQHandler
                0x000005a4                I2S0_Tx_IRQHandler
                0x000005a8                I2S0_Rx_IRQHandler
                0x000005ac                UART0_LON_IRQHandler
                0x000005b0                UART0_RX_TX_IRQHandler
                0x000005b4                UART0_ERR_IRQHandler
                0x000005b8                UART1_RX_TX_IRQHandler
                0x000005bc                UART1_ERR_IRQHandler
                0x000005c0                UART2_RX_TX_IRQHandler
                0x000005c4                UART2_ERR_IRQHandler
                0x000005c8                UART3_RX_TX_IRQHandler
                0x000005cc                UART3_ERR_IRQHandler
                0x000005d0                SPI2_IRQHandler
                0x000005d4                UART4_RX_TX_IRQHandler
                0x000005d8                UART4_ERR_IRQHandler
                0x000005dc                UART5_RX_TX_IRQHandler
                0x000005e0                UART5_ERR_IRQHandler
                0x000005e4                I2C2_IRQHandler
                0x000005e8                CAN0_ORed_Message_buffer_IRQHandler
                0x000005ec                CAN0_Bus_Off_IRQHandler
                0x000005f0                CAN0_Error_IRQHandler
                0x000005f4                CAN0_Tx_Warning_IRQHandler
                0x000005f8                CAN0_Rx_Warning_IRQHandler
                0x000005fc                CAN0_Wake_Up_IRQHandler
                0x00000600                SDHC_IRQHandler
                0x00000604                ENET_1588_Timer_IRQHandler
                0x00000608                ENET_Transmit_IRQHandler
                0x0000060c                ENET_Receive_IRQHandler
                0x00000610                ENET_Error_IRQHandler
 *(.text*)
 .text.__assert_func
                0x000006d8       0x28 ./utilities/fsl_assert.o
                0x000006d8                __assert_func
 .text.DbgConsole_Init
                0x00000700       0x48 ./utilities/fsl_debug_console.o
                0x00000700                DbgConsole_Init
 .text.DbgConsole_Printf
                0x00000748       0x68 ./utilities/fsl_debug_console.o
                0x00000748                DbgConsole_Printf
 .text.DbgConsole_RelocateLog
                0x000007b0       0x60 ./utilities/fsl_debug_console.o
 .text.UART_EnableTx
                0x00000810       0x40 ./utilities/fsl_io.o
 .text.UART_EnableRx
                0x00000850       0x40 ./utilities/fsl_io.o
 .text.IO_Init  0x00000890       0x8c ./utilities/fsl_io.o
                0x00000890                IO_Init
 .text.IO_Transfer
                0x0000091c       0x5c ./utilities/fsl_io.o
                0x0000091c                IO_Transfer
 .text.LOG_Init
                0x00000978       0x34 ./utilities/fsl_log.o
                0x00000978                LOG_Init
 .text.LOG_Push
                0x000009ac       0x3c ./utilities/fsl_log.o
                0x000009ac                LOG_Push
 .text.LOG_Pop  0x000009e8       0x44 ./utilities/fsl_log.o
                0x000009e8                LOG_Pop
 .text.ConvertRadixNumToString
                0x00000a2c      0x118 ./utilities/fsl_str.o
 .text.StrFormatPrintf
                0x00000b44      0x394 ./utilities/fsl_str.o
                0x00000b44                StrFormatPrintf
 .text.USB_HostHidInPipeCallback
                0x00000ed8       0x40 ./usb/host/class/usb_host_hid.o
 .text.USB_HostHidControlCallback
                0x00000f18       0x48 ./usb/host/class/usb_host_hid.o
 .text.USB_HostHidOpenInterface
                0x00000f60      0x1b0 ./usb/host/class/usb_host_hid.o
 .text.USB_HostHidSetInterfaceCallback
                0x00001110       0x54 ./usb/host/class/usb_host_hid.o
 .text.USB_HostHidInit
                0x00001164       0x64 ./usb/host/class/usb_host_hid.o
                0x00001164                USB_HostHidInit
 .text.USB_HostHidSetInterface
                0x000011c8      0x150 ./usb/host/class/usb_host_hid.o
                0x000011c8                USB_HostHidSetInterface
 .text.USB_HostHidDeinit
                0x00001318       0xe0 ./usb/host/class/usb_host_hid.o
                0x00001318                USB_HostHidDeinit
 .text.USB_HostHidGetPacketsize
                0x000013f8       0x44 ./usb/host/class/usb_host_hid.o
                0x000013f8                USB_HostHidGetPacketsize
 .text.USB_HostHidRecv
                0x0000143c       0xa0 ./usb/host/class/usb_host_hid.o
                0x0000143c                USB_HostHidRecv
 .text.USB_HostHidControl
                0x000014dc       0xd8 ./usb/host/class/usb_host_hid.o
 .text.USB_HostHidGetReportDescriptor
                0x000015b4       0x3c ./usb/host/class/usb_host_hid.o
                0x000015b4                USB_HostHidGetReportDescriptor
 .text.USB_HostHidSetIdle
                0x000015f0       0x3c ./usb/host/class/usb_host_hid.o
                0x000015f0                USB_HostHidSetIdle
 .text.USB_HostHidSetProtocol
                0x0000162c       0x3c ./usb/host/class/usb_host_hid.o
                0x0000162c                USB_HostHidSetProtocol
 .text.USB_HostHubControlCallback
                0x00001668       0x48 ./usb/host/class/usb_host_hub.o
 .text.USB_HostHubInPipeCallback
                0x000016b0       0x40 ./usb/host/class/usb_host_hub.o
 .text.USB_HostHubClassRequestCommon
                0x000016f0       0xc4 ./usb/host/class/usb_host_hub.o
 .text.USB_HostHubInit
                0x000017b4       0x7c ./usb/host/class/usb_host_hub.o
                0x000017b4                USB_HostHubInit
 .text.USB_HostHubSetInterface
                0x00001830      0x170 ./usb/host/class/usb_host_hub.o
                0x00001830                USB_HostHubSetInterface
 .text.USB_HostHubDeinit
                0x000019a0       0xa8 ./usb/host/class/usb_host_hub.o
                0x000019a0                USB_HostHubDeinit
 .text.USB_HostHubInterruptRecv
                0x00001a48       0x98 ./usb/host/class/usb_host_hub.o
                0x00001a48                USB_HostHubInterruptRecv
 .text.USB_HostHubGetDescriptor
                0x00001ae0       0x3c ./usb/host/class/usb_host_hub.o
                0x00001ae0                USB_HostHubGetDescriptor
 .text.USB_HostHubClearFeature
                0x00001b1c       0x3c ./usb/host/class/usb_host_hub.o
                0x00001b1c                USB_HostHubClearFeature
 .text.USB_HostHubGetStatus
                0x00001b58       0x3c ./usb/host/class/usb_host_hub.o
                0x00001b58                USB_HostHubGetStatus
 .text.USB_HostHubSetPortFeature
                0x00001b94       0x40 ./usb/host/class/usb_host_hub.o
                0x00001b94                USB_HostHubSetPortFeature
 .text.USB_HostHubClearPortFeature
                0x00001bd4       0x40 ./usb/host/class/usb_host_hub.o
                0x00001bd4                USB_HostHubClearPortFeature
 .text.USB_HostHubGetPortStatus
                0x00001c14       0x3c ./usb/host/class/usb_host_hub.o
                0x00001c14                USB_HostHubGetPortStatus
 .text.USB_HostHubGetHubList
                0x00001c50       0x1c ./usb/host/class/usb_host_hub_app.o
 .text.USB_HostHubGetInterruptStatus
                0x00001c6c       0x58 ./usb/host/class/usb_host_hub_app.o
 .text.USB_HostHubProcess
                0x00001cc4      0x2d4 ./usb/host/class/usb_host_hub_app.o
 .text.USB_HostHubProcessPort
                0x00001f98       0x3c ./usb/host/class/usb_host_hub_app.o
 .text.USB_HostHubProcessPortAttach
                0x00001fd4      0x430 ./usb/host/class/usb_host_hub_app.o
 .text.USB_HostHubProcessPortDetach
                0x00002404      0x228 ./usb/host/class/usb_host_hub_app.o
 .text.USB_HostHubProcessData
                0x0000262c      0x110 ./usb/host/class/usb_host_hub_app.o
 .text.USB_HostHubControlCallback
                0x0000273c       0x90 ./usb/host/class/usb_host_hub_app.o
                0x0000273c                USB_HostHubControlCallback
 .text.USB_HostHubInterruptInCallback
                0x000027cc       0x6c ./usb/host/class/usb_host_hub_app.o
                0x000027cc                USB_HostHubInterruptInCallback
 .text.USB_HostHubDeviceEvent
                0x00002838      0x310 ./usb/host/class/usb_host_hub_app.o
                0x00002838                USB_HostHubDeviceEvent
 .text.USB_HostHubGetHsHubNumber
                0x00002b48       0x94 ./usb/host/class/usb_host_hub_app.o
                0x00002b48                USB_HostHubGetHsHubNumber
 .text.USB_HostHubGetHsHubPort
                0x00002bdc       0x98 ./usb/host/class/usb_host_hub_app.o
                0x00002bdc                USB_HostHubGetHsHubPort
 .text.USB_HostHubGetTotalThinkTime
                0x00002c74       0x64 ./usb/host/class/usb_host_hub_app.o
                0x00002c74                USB_HostHubGetTotalThinkTime
 .text.USB_HostEnumerationTransferCallback
                0x00002cd8      0x174 ./usb/host/usb_host_devices.o
 .text.USB_HostProcessState
                0x00002e4c      0x1fc ./usb/host/usb_host_devices.o
 .text.USB_HostProcessCallback
                0x00003048      0x194 ./usb/host/usb_host_devices.o
 .text.USB_HostNotifyDevice
                0x000031dc       0xc4 ./usb/host/usb_host_devices.o
 .text.USB_HostAllocateDeviceAddress
                0x000032a0       0xa4 ./usb/host/usb_host_devices.o
 .text.USB_HostReleaseDeviceAddress
                0x00003344       0x5c ./usb/host/usb_host_devices.o
 .text.USB_HostRemoveDeviceInstance
                0x000033a0       0x78 ./usb/host/usb_host_devices.o
 .text.USB_HostReleaseDeviceResource
                0x00003418       0xb4 ./usb/host/usb_host_devices.o
 .text.USB_HostParseDeviceConfigurationDescriptor
                0x000034cc      0x3cc ./usb/host/usb_host_devices.o
 .text.USB_HostAttachDevice
                0x00003898      0x20c ./usb/host/usb_host_devices.o
                0x00003898                USB_HostAttachDevice
 .text.USB_HostDetachDevice
                0x00003aa4       0x80 ./usb/host/usb_host_devices.o
                0x00003aa4                USB_HostDetachDevice
 .text.USB_HostDetachDeviceInternal
                0x00003b24       0x7c ./usb/host/usb_host_devices.o
                0x00003b24                USB_HostDetachDeviceInternal
 .text.USB_HostValidateDevice
                0x00003ba0       0x4c ./usb/host/usb_host_devices.o
                0x00003ba0                USB_HostValidateDevice
 .text.USB_HostControlBus
                0x00003bec       0x40 ./usb/host/usb_host_devices.o
 .text.USB_HostOpenDeviceInterface
                0x00003c2c       0xf0 ./usb/host/usb_host_devices.o
                0x00003c2c                USB_HostOpenDeviceInterface
 .text.USB_HostCloseDeviceInterface
                0x00003d1c      0x15c ./usb/host/usb_host_devices.o
                0x00003d1c                USB_HostCloseDeviceInterface
 .text.USB_HostCh9RequestCommon
                0x00003e78       0x58 ./usb/host/usb_host_framework.o
                0x00003e78                USB_HostCh9RequestCommon
 .text.USB_HostStandardSetAddress
                0x00003ed0       0x34 ./usb/host/usb_host_framework.o
                0x00003ed0                USB_HostStandardSetAddress
 .text.USB_HostStandardSetGetDescriptor
                0x00003f04       0x4c ./usb/host/usb_host_framework.o
                0x00003f04                USB_HostStandardSetGetDescriptor
 .text.USB_HostGetInstance
                0x00003f50       0xf0 ./usb/host/usb_host_hci.o
 .text.USB_HostReleaseInstance
                0x00004040       0x28 ./usb/host/usb_host_hci.o
 .text.USB_HostGetControllerInterface
                0x00004068       0x28 ./usb/host/usb_host_hci.o
 .text.USB_HostInit
                0x00004090      0x164 ./usb/host/usb_host_hci.o
                0x00004090                USB_HostInit
 .text.USB_HostOpenPipe
                0x000041f4       0x48 ./usb/host/usb_host_hci.o
                0x000041f4                USB_HostOpenPipe
 .text.USB_HostClosePipe
                0x0000423c       0x44 ./usb/host/usb_host_hci.o
                0x0000423c                USB_HostClosePipe
 .text.USB_HostSendSetup
                0x00004280       0x94 ./usb/host/usb_host_hci.o
                0x00004280                USB_HostSendSetup
 .text.USB_HostRecv
                0x00004314       0x70 ./usb/host/usb_host_hci.o
                0x00004314                USB_HostRecv
 .text.USB_HostCancelTransfer
                0x00004384       0x50 ./usb/host/usb_host_hci.o
                0x00004384                USB_HostCancelTransfer
 .text.USB_HostMallocTransfer
                0x000043d4       0x74 ./usb/host/usb_host_hci.o
                0x000043d4                USB_HostMallocTransfer
 .text.USB_HostFreeTransfer
                0x00004448       0x54 ./usb/host/usb_host_hci.o
                0x00004448                USB_HostFreeTransfer
 .text.USB_HostHelperGetPeripheralInformation
                0x0000449c      0x174 ./usb/host/usb_host_hci.o
                0x0000449c                USB_HostHelperGetPeripheralInformation
 .text._USB_HostKhciGetRoundUpPow2
                0x00004610       0x44 ./usb/host/usb_host_khci.o
 .text._USB_HostKhciGetFrameCount
                0x00004654       0x3c ./usb/host/usb_host_khci.o
 .text._USB_HostKhciGetFrameCountSum
                0x00004690       0x4c ./usb/host/usb_host_khci.o
 .text._USB_HostKhciDelay
                0x000046dc       0x2c ./usb/host/usb_host_khci.o
 .text.USB_HostKhciIsrFunction
                0x00004708       0xbc ./usb/host/usb_host_khci.o
                0x00004708                USB_HostKhciIsrFunction
 .text._USB_HostKhciAttach
                0x000047c4      0x264 ./usb/host/usb_host_khci.o
 .text._USB_HostKhciReset
                0x00004a28       0x94 ./usb/host/usb_host_khci.o
 .text._USB_HostKhciDetach
                0x00004abc       0xb8 ./usb/host/usb_host_khci.o
 .text._USB_HostKhciGetRightTrRequest
                0x00004b74      0x174 ./usb/host/usb_host_khci.o
 .text._USB_HostKhciUnlinkTrRequestFromList
                0x00004ce8       0xec ./usb/host/usb_host_khci.o
 .text._USB_HostKhciLinkTrRequestToList
                0x00004dd4       0xe4 ./usb/host/usb_host_khci.o
 .text._USB_HostKhciProcessTrCallback
                0x00004eb8       0xf0 ./usb/host/usb_host_khci.o
 .text._USB_HostKhciTransactionDone
                0x00004fa8      0x294 ./usb/host/usb_host_khci.o
 .text._USB_HostKhciAtomNonblockingTransaction
                0x0000523c      0x328 ./usb/host/usb_host_khci.o
 .text._USB_HostKhciStartTranfer
                0x00005564      0x1c8 ./usb/host/usb_host_khci.o
 .text._USB_HostKhciFinishTranfer
                0x0000572c      0x168 ./usb/host/usb_host_khci.o
 .text._USB_HostKhciTransferClearUp
                0x00005894       0xc0 ./usb/host/usb_host_khci.o
                0x00005894                _USB_HostKhciTransferClearUp
 .text._USB_HostKhciTransferStateMachine
                0x00005954      0x1fc ./usb/host/usb_host_khci.o
                0x00005954                _USB_HostKhciTransferStateMachine
 .text.USB_HostKhciTaskFunction
                0x00005b50       0xec ./usb/host/usb_host_khci.o
                0x00005b50                USB_HostKhciTaskFunction
 .text.USB_HostKhciCreate
                0x00005c3c      0x1c0 ./usb/host/usb_host_khci.o
                0x00005c3c                USB_HostKhciCreate
 .text.USB_HostKhciDestory
                0x00005dfc       0xec ./usb/host/usb_host_khci.o
                0x00005dfc                USB_HostKhciDestory
 .text.USB_HostKhciOpenPipe
                0x00005ee8      0x104 ./usb/host/usb_host_khci.o
                0x00005ee8                USB_HostKhciOpenPipe
 .text.USB_HostKhciClosePipe
                0x00005fec       0xa4 ./usb/host/usb_host_khci.o
                0x00005fec                USB_HostKhciClosePipe
 .text.USB_HostKhciWritePipe
                0x00006090       0xec ./usb/host/usb_host_khci.o
                0x00006090                USB_HostKhciWritePipe
 .text.USB_HostKhciReadpipe
                0x0000617c       0xa0 ./usb/host/usb_host_khci.o
                0x0000617c                USB_HostKhciReadpipe
 .text._USB_HostKhciCancelPipe
                0x0000621c       0x90 ./usb/host/usb_host_khci.o
 .text._USB_HostKhciBusControl
                0x000062ac      0x128 ./usb/host/usb_host_khci.o
 .text.USB_HostKciIoctl
                0x000063d4       0x8c ./usb/host/usb_host_khci.o
                0x000063d4                USB_HostKciIoctl
 .text.SystemInit
                0x00006460       0x3c ./startup/system_MK64F12.o
                0x00006460                SystemInit
 .text.SystemCoreClockUpdate
                0x0000649c      0x270 ./startup/system_MK64F12.o
                0x0000649c                SystemCoreClockUpdate
 .text.__NVIC_EnableIRQ
                0x0000670c       0x38 ./sources/app.o
 .text.__NVIC_SetPriority
                0x00006744       0x54 ./sources/app.o
 .text.EnableIRQ
                0x00006798       0x2c ./sources/app.o
 .text.SYSMPU_Enable
                0x000067c4       0x38 ./sources/app.o
 .text.USB0_IRQHandler
                0x000067fc       0x18 ./sources/app.o
                0x000067fc                USB0_IRQHandler
 .text.USB_HostClockInit
                0x00006814       0x1c ./sources/app.o
                0x00006814                USB_HostClockInit
 .text.USB_HostIsrEnable
                0x00006830       0x2c ./sources/app.o
                0x00006830                USB_HostIsrEnable
 .text.USB_HostTaskFn
                0x0000685c       0x14 ./sources/app.o
                0x0000685c                USB_HostTaskFn
 .text.USB_HostEvent
                0x00006870       0x78 ./sources/app.o
 .text.USB_HostApplicationInit
                0x000068e8       0x58 ./sources/app.o
 .text.USB_HostTask
                0x00006940       0x10 ./sources/app.o
 .text.USB_HostApplicationTask
                0x00006950       0x10 ./sources/app.o
 .text.main     0x00006960       0x84 ./sources/app.o
                0x00006960                main
 .text.USB_HostMouseProcessBuffer
                0x000069e4       0xe0 ./sources/host_mouse.o
 .text.USB_HostHidControlCallback
                0x00006ac4       0x5c ./sources/host_mouse.o
 .text.USB_HostHidInCallback
                0x00006b20       0x40 ./sources/host_mouse.o
 .text.USB_HostHidMouseTask
                0x00006b60      0x338 ./sources/host_mouse.o
                0x00006b60                USB_HostHidMouseTask
 .text.USB_HostHidMouseEvent
                0x00006e98      0x194 ./sources/host_mouse.o
                0x00006e98                USB_HostHidMouseEvent
 .text.getButtons
                0x0000702c       0x34 ./sources/host_mouse.o
                0x0000702c                getButtons
 .text.getJoystickAxis
                0x00007060       0x68 ./sources/host_mouse.o
                0x00007060                getJoystickAxis
 .text.USB_OsaMemoryAllocate
                0x000070c8       0x44 ./osa/usb_osa_freertos.o
                0x000070c8                USB_OsaMemoryAllocate
 .text.USB_OsaMemoryFree
                0x0000710c       0x14 ./osa/usb_osa_freertos.o
                0x0000710c                USB_OsaMemoryFree
 .text.USB_OsaEnterCritical
                0x00007120       0x40 ./osa/usb_osa_freertos.o
                0x00007120                USB_OsaEnterCritical
 .text.USB_OsaExitCritical
                0x00007160       0x2c ./osa/usb_osa_freertos.o
                0x00007160                USB_OsaExitCritical
 .text.USB_OsaEventCreate
                0x0000718c       0x5c ./osa/usb_osa_freertos.o
                0x0000718c                USB_OsaEventCreate
 .text.USB_OsaEventDestroy
                0x000071e8       0x38 ./osa/usb_osa_freertos.o
                0x000071e8                USB_OsaEventDestroy
 .text.USB_OsaEventSet
                0x00007220       0x74 ./osa/usb_osa_freertos.o
                0x00007220                USB_OsaEventSet
 .text.USB_OsaEventWait
                0x00007294       0x90 ./osa/usb_osa_freertos.o
                0x00007294                USB_OsaEventWait
 .text.USB_OsaEventClear
                0x00007324       0x54 ./osa/usb_osa_freertos.o
                0x00007324                USB_OsaEventClear
 .text.USB_OsaMutexCreate
                0x00007378       0x34 ./osa/usb_osa_freertos.o
                0x00007378                USB_OsaMutexCreate
 .text.USB_OsaMutexDestroy
                0x000073ac       0x24 ./osa/usb_osa_freertos.o
                0x000073ac                USB_OsaMutexDestroy
 .text.USB_OsaMutexLock
                0x000073d0       0x34 ./osa/usb_osa_freertos.o
                0x000073d0                USB_OsaMutexLock
 .text.USB_OsaMutexUnlock
                0x00007404       0x30 ./osa/usb_osa_freertos.o
                0x00007404                USB_OsaMutexUnlock
 .text.xEventGroupCreate
                0x00007434       0x30 ./freertos/source/event_groups.o
                0x00007434                xEventGroupCreate
 .text.xEventGroupWaitBits
                0x00007464      0x194 ./freertos/source/event_groups.o
                0x00007464                xEventGroupWaitBits
 .text.xEventGroupClearBits
                0x000075f8       0x6c ./freertos/source/event_groups.o
                0x000075f8                xEventGroupClearBits
 .text.xEventGroupClearBitsFromISR
                0x00007664       0x28 ./freertos/source/event_groups.o
                0x00007664                xEventGroupClearBitsFromISR
 .text.xEventGroupSetBits
                0x0000768c      0x114 ./freertos/source/event_groups.o
                0x0000768c                xEventGroupSetBits
 .text.vEventGroupDelete
                0x000077a0       0x60 ./freertos/source/event_groups.o
                0x000077a0                vEventGroupDelete
 .text.vEventGroupSetBitsCallback
                0x00007800       0x18 ./freertos/source/event_groups.o
                0x00007800                vEventGroupSetBitsCallback
 .text.vEventGroupClearBitsCallback
                0x00007818       0x18 ./freertos/source/event_groups.o
                0x00007818                vEventGroupClearBitsCallback
 .text.prvTestWaitCondition
                0x00007830       0x44 ./freertos/source/event_groups.o
 .text.xEventGroupSetBitsFromISR
                0x00007874       0x28 ./freertos/source/event_groups.o
                0x00007874                xEventGroupSetBitsFromISR
 .text.vListInitialise
                0x0000789c       0x40 ./freertos/source/list.o
                0x0000789c                vListInitialise
 .text.vListInitialiseItem
                0x000078dc       0x18 ./freertos/source/list.o
                0x000078dc                vListInitialiseItem
 .text.vListInsertEnd
                0x000078f4       0x48 ./freertos/source/list.o
                0x000078f4                vListInsertEnd
 .text.vListInsert
                0x0000793c       0x70 ./freertos/source/list.o
                0x0000793c                vListInsert
 .text.uxListRemove
                0x000079ac       0x54 ./freertos/source/list.o
                0x000079ac                uxListRemove
 .text.xQueueGenericReset
                0x00007a00       0xd0 ./freertos/source/queue.o
                0x00007a00                xQueueGenericReset
 .text.xQueueGenericCreate
                0x00007ad0       0x70 ./freertos/source/queue.o
                0x00007ad0                xQueueGenericCreate
 .text.prvInitialiseNewQueue
                0x00007b40       0x44 ./freertos/source/queue.o
 .text.prvInitialiseMutex
                0x00007b84       0x34 ./freertos/source/queue.o
 .text.xQueueCreateMutex
                0x00007bb8       0x30 ./freertos/source/queue.o
                0x00007bb8                xQueueCreateMutex
 .text.xQueueGiveMutexRecursive
                0x00007be8       0x68 ./freertos/source/queue.o
                0x00007be8                xQueueGiveMutexRecursive
 .text.xQueueTakeMutexRecursive
                0x00007c50       0x70 ./freertos/source/queue.o
                0x00007c50                xQueueTakeMutexRecursive
 .text.xQueueGenericSend
                0x00007cc0      0x1fc ./freertos/source/queue.o
                0x00007cc0                xQueueGenericSend
 .text.xQueueGenericSendFromISR
                0x00007ebc      0x128 ./freertos/source/queue.o
                0x00007ebc                xQueueGenericSendFromISR
 .text.xQueueGenericReceive
                0x00007fe4      0x22c ./freertos/source/queue.o
                0x00007fe4                xQueueGenericReceive
 .text.vQueueDelete
                0x00008210       0x38 ./freertos/source/queue.o
                0x00008210                vQueueDelete
 .text.prvCopyDataToQueue
                0x00008248       0xd8 ./freertos/source/queue.o
 .text.prvCopyDataFromQueue
                0x00008320       0x4c ./freertos/source/queue.o
 .text.prvUnlockQueue
                0x0000836c       0xa0 ./freertos/source/queue.o
 .text.prvIsQueueEmpty
                0x0000840c       0x2c ./freertos/source/queue.o
 .text.prvIsQueueFull
                0x00008438       0x30 ./freertos/source/queue.o
 .text.vQueueAddToRegistry
                0x00008468       0x50 ./freertos/source/queue.o
                0x00008468                vQueueAddToRegistry
 .text.vQueueUnregisterQueue
                0x000084b8       0x50 ./freertos/source/queue.o
                0x000084b8                vQueueUnregisterQueue
 .text.vQueueWaitForMessageRestricted
                0x00008508       0x6c ./freertos/source/queue.o
                0x00008508                vQueueWaitForMessageRestricted
 .text.xTaskCreate
                0x00008574       0x84 ./freertos/source/tasks.o
                0x00008574                xTaskCreate
 .text.prvInitialiseNewTask
                0x000085f8      0x128 ./freertos/source/tasks.o
 .text.prvAddNewTaskToReadyList
                0x00008720       0xdc ./freertos/source/tasks.o
 .text.vTaskStartScheduler
                0x000087fc       0x94 ./freertos/source/tasks.o
                0x000087fc                vTaskStartScheduler
 .text.vTaskSuspendAll
                0x00008890       0x1c ./freertos/source/tasks.o
                0x00008890                vTaskSuspendAll
 .text.xTaskResumeAll
                0x000088ac      0x138 ./freertos/source/tasks.o
                0x000088ac                xTaskResumeAll
 .text.xTaskGetTickCount
                0x000089e4       0x20 ./freertos/source/tasks.o
                0x000089e4                xTaskGetTickCount
 .text.xTaskIncrementTick
                0x00008a04      0x178 ./freertos/source/tasks.o
                0x00008a04                xTaskIncrementTick
 .text.vTaskSwitchContext
                0x00008b7c       0xb4 ./freertos/source/tasks.o
                0x00008b7c                vTaskSwitchContext
 .text.vTaskPlaceOnEventList
                0x00008c30       0x44 ./freertos/source/tasks.o
                0x00008c30                vTaskPlaceOnEventList
 .text.vTaskPlaceOnUnorderedEventList
                0x00008c74       0x74 ./freertos/source/tasks.o
                0x00008c74                vTaskPlaceOnUnorderedEventList
 .text.vTaskPlaceOnEventListRestricted
                0x00008ce8       0x54 ./freertos/source/tasks.o
                0x00008ce8                vTaskPlaceOnEventListRestricted
 .text.xTaskRemoveFromEventList
                0x00008d3c       0xc4 ./freertos/source/tasks.o
                0x00008d3c                xTaskRemoveFromEventList
 .text.xTaskRemoveFromUnorderedEventList
                0x00008e00       0xcc ./freertos/source/tasks.o
                0x00008e00                xTaskRemoveFromUnorderedEventList
 .text.vTaskSetTimeOutState
                0x00008ecc       0x44 ./freertos/source/tasks.o
                0x00008ecc                vTaskSetTimeOutState
 .text.xTaskCheckForTimeOut
                0x00008f10       0xbc ./freertos/source/tasks.o
                0x00008f10                xTaskCheckForTimeOut
 .text.vTaskMissedYield
                0x00008fcc       0x18 ./freertos/source/tasks.o
                0x00008fcc                vTaskMissedYield
 .text.prvIdleTask
                0x00008fe4       0x30 ./freertos/source/tasks.o
 .text.prvInitialiseTaskLists
                0x00009014       0x7c ./freertos/source/tasks.o
 .text.prvCheckTasksWaitingTermination
                0x00009090       0x74 ./freertos/source/tasks.o
 .text.prvDeleteTCB
                0x00009104       0x20 ./freertos/source/tasks.o
 .text.prvResetNextTaskUnblockTime
                0x00009124       0x48 ./freertos/source/tasks.o
 .text.xTaskGetCurrentTaskHandle
                0x0000916c       0x20 ./freertos/source/tasks.o
                0x0000916c                xTaskGetCurrentTaskHandle
 .text.xTaskGetSchedulerState
                0x0000918c       0x3c ./freertos/source/tasks.o
                0x0000918c                xTaskGetSchedulerState
 .text.vTaskPriorityInherit
                0x000091c8       0xec ./freertos/source/tasks.o
                0x000091c8                vTaskPriorityInherit
 .text.xTaskPriorityDisinherit
                0x000092b4      0x108 ./freertos/source/tasks.o
                0x000092b4                xTaskPriorityDisinherit
 .text.uxTaskResetEventItemValue
                0x000093bc       0x30 ./freertos/source/tasks.o
                0x000093bc                uxTaskResetEventItemValue
 .text.pvTaskIncrementMutexHeldCount
                0x000093ec       0x28 ./freertos/source/tasks.o
                0x000093ec                pvTaskIncrementMutexHeldCount
 .text.prvAddCurrentTaskToDelayedList
                0x00009414       0xc8 ./freertos/source/tasks.o
 .text.xTimerCreateTimerTask
                0x000094dc       0x60 ./freertos/source/timers.o
                0x000094dc                xTimerCreateTimerTask
 .text.xTimerGenericCommand
                0x0000953c       0xa4 ./freertos/source/timers.o
                0x0000953c                xTimerGenericCommand
 .text.prvProcessExpiredTimer
                0x000095e0       0x80 ./freertos/source/timers.o
 .text.prvTimerTask
                0x00009660       0x24 ./freertos/source/timers.o
 .text.prvProcessTimerOrBlockTask
                0x00009684       0x9c ./freertos/source/timers.o
 .text.prvGetNextExpireTime
                0x00009720       0x48 ./freertos/source/timers.o
 .text.prvSampleTimeNow
                0x00009768       0x40 ./freertos/source/timers.o
 .text.prvInsertTimerInActiveList
                0x000097a8       0x84 ./freertos/source/timers.o
 .text.prvProcessReceivedCommands
                0x0000982c      0x164 ./freertos/source/timers.o
 .text.prvSwitchTimerLists
                0x00009990       0xc0 ./freertos/source/timers.o
 .text.prvCheckForValidListAndQueue
                0x00009a50       0x6c ./freertos/source/timers.o
 .text.xTimerPendFunctionCallFromISR
                0x00009abc       0x44 ./freertos/source/timers.o
                0x00009abc                xTimerPendFunctionCallFromISR
 .text.vPortSetupTimerInterrupt
                0x00009b00       0x40 ./freertos/portable/fsl_tickless_systick.o
                0x00009b00                vPortSetupTimerInterrupt
 .text.pvPortMalloc
                0x00009b40      0x184 ./freertos/portable/heap_4.o
                0x00009b40                pvPortMalloc
 .text.vPortFree
                0x00009cc4       0xb0 ./freertos/portable/heap_4.o
                0x00009cc4                vPortFree
 .text.prvHeapInit
                0x00009d74       0xc4 ./freertos/portable/heap_4.o
 .text.prvInsertBlockIntoFreeList
                0x00009e38       0xb0 ./freertos/portable/heap_4.o
 .text.pxPortInitialiseStack
                0x00009ee8       0x68 ./freertos/portable/port.o
                0x00009ee8                pxPortInitialiseStack
 .text.prvTaskExitError
                0x00009f50       0x3c ./freertos/portable/port.o
 *fill*         0x00009f8c        0x4 
 .text.SVC_Handler
                0x00009f90       0x30 ./freertos/portable/port.o
                0x00009f90                SVC_Handler
 .text.prvPortStartFirstTask
                0x00009fc0       0x20 ./freertos/portable/port.o
 .text.xPortStartScheduler
                0x00009fe0      0x118 ./freertos/portable/port.o
                0x00009fe0                xPortStartScheduler
 .text.vPortEnterCritical
                0x0000a0f8       0x5c ./freertos/portable/port.o
                0x0000a0f8                vPortEnterCritical
 .text.vPortExitCritical
                0x0000a154       0x4c ./freertos/portable/port.o
                0x0000a154                vPortExitCritical
 .text.PendSV_Handler
                0x0000a1a0       0x70 ./freertos/portable/port.o
                0x0000a1a0                PendSV_Handler
 .text.SysTick_Handler
                0x0000a210       0x40 ./freertos/portable/port.o
                0x0000a210                SysTick_Handler
 .text.vPortEnableVFP
                0x0000a250       0x14 ./freertos/portable/port.o
 .text.vPortValidateInterruptPriority
                0x0000a264       0x78 ./freertos/portable/port.o
                0x0000a264                vPortValidateInterruptPriority
 .text.CLOCK_EnableClock
                0x0000a2dc       0x34 ./drivers/fsl_clock.o
 .text.CLOCK_DisableClock
                0x0000a310       0x38 ./drivers/fsl_clock.o
 .text.CLOCK_SetEr32kClock
                0x0000a348       0x2c ./drivers/fsl_clock.o
 .text.CLOCK_SetPllFllSelClock
                0x0000a374       0x38 ./drivers/fsl_clock.o
 .text.OSC_SetExtRefClkConfig
                0x0000a3ac       0x34 ./drivers/fsl_clock.o
 .text.OSC_SetCapLoad
                0x0000a3e0       0x34 ./drivers/fsl_clock.o
 .text.CLOCK_GetMcgExtClkFreq
                0x0000a414       0x8c ./drivers/fsl_clock.o
 .text.CLOCK_GetFllExtRefClkFreq
                0x0000a4a0       0xc8 ./drivers/fsl_clock.o
 .text.CLOCK_GetInternalRefClkSelectFreq
                0x0000a568       0x44 ./drivers/fsl_clock.o
 .text.CLOCK_GetFllRefClkFreq
                0x0000a5ac       0x2c ./drivers/fsl_clock.o
 .text.CLOCK_GetPll0RefFreq
                0x0000a5d8       0x10 ./drivers/fsl_clock.o
 .text.CLOCK_GetOscRangeFromFreq
                0x0000a5e8       0x3c ./drivers/fsl_clock.o
 .text.CLOCK_GetOsc0ErClkFreq
                0x0000a624       0x48 ./drivers/fsl_clock.o
                0x0000a624                CLOCK_GetOsc0ErClkFreq
 .text.CLOCK_GetEr32kClkFreq
                0x0000a66c       0x80 ./drivers/fsl_clock.o
                0x0000a66c                CLOCK_GetEr32kClkFreq
 .text.CLOCK_GetPllFllSelClkFreq
                0x0000a6ec       0x54 ./drivers/fsl_clock.o
                0x0000a6ec                CLOCK_GetPllFllSelClkFreq
 .text.CLOCK_GetCoreSysClkFreq
                0x0000a740       0x24 ./drivers/fsl_clock.o
                0x0000a740                CLOCK_GetCoreSysClkFreq
 .text.CLOCK_GetFreq
                0x0000a764      0x144 ./drivers/fsl_clock.o
                0x0000a764                CLOCK_GetFreq
 .text.CLOCK_SetSimConfig
                0x0000a8a8       0x34 ./drivers/fsl_clock.o
                0x0000a8a8                CLOCK_SetSimConfig
 .text.CLOCK_EnableUsbfs0Clock
                0x0000a8dc      0x100 ./drivers/fsl_clock.o
                0x0000a8dc                CLOCK_EnableUsbfs0Clock
 .text.CLOCK_GetOutClkFreq
                0x0000a9dc       0x64 ./drivers/fsl_clock.o
                0x0000a9dc                CLOCK_GetOutClkFreq
 .text.CLOCK_GetFllFreq
                0x0000aa40       0x74 ./drivers/fsl_clock.o
                0x0000aa40                CLOCK_GetFllFreq
 .text.CLOCK_GetInternalRefClkFreq
                0x0000aab4       0x24 ./drivers/fsl_clock.o
                0x0000aab4                CLOCK_GetInternalRefClkFreq
 .text.CLOCK_GetFixedFreqClkFreq
                0x0000aad8       0x30 ./drivers/fsl_clock.o
                0x0000aad8                CLOCK_GetFixedFreqClkFreq
 .text.CLOCK_GetPll0Freq
                0x0000ab08       0x78 ./drivers/fsl_clock.o
                0x0000ab08                CLOCK_GetPll0Freq
 .text.CLOCK_SetExternalRefClkConfig
                0x0000ab80       0x6c ./drivers/fsl_clock.o
                0x0000ab80                CLOCK_SetExternalRefClkConfig
 .text.CLOCK_SetInternalRefClkConfig
                0x0000abec      0x104 ./drivers/fsl_clock.o
                0x0000abec                CLOCK_SetInternalRefClkConfig
 .text.CLOCK_EnablePll0
                0x0000acf0       0x94 ./drivers/fsl_clock.o
                0x0000acf0                CLOCK_EnablePll0
 .text.CLOCK_InitOsc0
                0x0000ad84       0x8c ./drivers/fsl_clock.o
                0x0000ad84                CLOCK_InitOsc0
 .text.CLOCK_SetPbeMode
                0x0000ae10       0xb8 ./drivers/fsl_clock.o
                0x0000ae10                CLOCK_SetPbeMode
 .text.CLOCK_BootToPeeMode
                0x0000aec8       0x74 ./drivers/fsl_clock.o
                0x0000aec8                CLOCK_BootToPeeMode
 .text.CLOCK_EnableClock
                0x0000af3c       0x34 ./drivers/fsl_uart.o
 .text.UART_GetInstance
                0x0000af70       0x60 ./drivers/fsl_uart.o
                0x0000af70                UART_GetInstance
 .text.UART_Init
                0x0000afd0      0x300 ./drivers/fsl_uart.o
                0x0000afd0                UART_Init
 .text.UART_GetDefaultConfig
                0x0000b2d0       0x6c ./drivers/fsl_uart.o
                0x0000b2d0                UART_GetDefaultConfig
 .text.UART_GetStatusFlags
                0x0000b33c       0x48 ./drivers/fsl_uart.o
                0x0000b33c                UART_GetStatusFlags
 .text.UART_WriteBlocking
                0x0000b384       0x40 ./drivers/fsl_uart.o
                0x0000b384                UART_WriteBlocking
 .text.UART_ReadBlocking
                0x0000b3c4       0xa4 ./drivers/fsl_uart.o
                0x0000b3c4                UART_ReadBlocking
 .text.UART0_DriverIRQHandler
                0x0000b468       0x24 ./drivers/fsl_uart.o
                0x0000b468                UART0_DriverIRQHandler
 .text.UART0_RX_TX_DriverIRQHandler
                0x0000b48c       0x10 ./drivers/fsl_uart.o
                0x0000b48c                UART0_RX_TX_DriverIRQHandler
 .text.UART1_DriverIRQHandler
                0x0000b49c       0x24 ./drivers/fsl_uart.o
                0x0000b49c                UART1_DriverIRQHandler
 .text.UART1_RX_TX_DriverIRQHandler
                0x0000b4c0       0x10 ./drivers/fsl_uart.o
                0x0000b4c0                UART1_RX_TX_DriverIRQHandler
 .text.UART2_DriverIRQHandler
                0x0000b4d0       0x24 ./drivers/fsl_uart.o
                0x0000b4d0                UART2_DriverIRQHandler
 .text.UART2_RX_TX_DriverIRQHandler
                0x0000b4f4       0x10 ./drivers/fsl_uart.o
                0x0000b4f4                UART2_RX_TX_DriverIRQHandler
 .text.UART3_DriverIRQHandler
                0x0000b504       0x24 ./drivers/fsl_uart.o
                0x0000b504                UART3_DriverIRQHandler
 .text.UART3_RX_TX_DriverIRQHandler
                0x0000b528       0x10 ./drivers/fsl_uart.o
                0x0000b528                UART3_RX_TX_DriverIRQHandler
 .text.UART4_DriverIRQHandler
                0x0000b538       0x24 ./drivers/fsl_uart.o
                0x0000b538                UART4_DriverIRQHandler
 .text.UART4_RX_TX_DriverIRQHandler
                0x0000b55c       0x10 ./drivers/fsl_uart.o
                0x0000b55c                UART4_RX_TX_DriverIRQHandler
 .text.UART5_DriverIRQHandler
                0x0000b56c       0x24 ./drivers/fsl_uart.o
                0x0000b56c                UART5_DriverIRQHandler
 .text.UART5_RX_TX_DriverIRQHandler
                0x0000b590       0x10 ./drivers/fsl_uart.o
                0x0000b590                UART5_RX_TX_DriverIRQHandler
 .text.BOARD_InitDebugConsole
                0x0000b5a0       0x24 ./board/board.o
                0x0000b5a0                BOARD_InitDebugConsole
 .text.CLOCK_SetSimSafeDivs
                0x0000b5c4       0x20 ./board/clock_config.o
 .text.CLOCK_SetXtal0Freq
                0x0000b5e4       0x1c ./board/clock_config.o
 .text.CLOCK_CONFIG_SetFllExtRefDiv
                0x0000b600       0x38 ./board/clock_config.o
 .text.BOARD_BootClockRUN
                0x0000b638       0x60 ./board/clock_config.o
                0x0000b638                BOARD_BootClockRUN
 .text.CLOCK_EnableClock
                0x0000b698       0x34 ./board/pin_mux.o
 .text.PORT_SetPinMux
                0x0000b6cc       0x38 ./board/pin_mux.o
 .text.BOARD_InitPins
                0x0000b704       0x44 ./board/pin_mux.o
                0x0000b704                BOARD_InitPins
 .text.exit     0x0000b748       0x28 c:/freescale/kds_v3/toolchain/bin/../lib/gcc/arm-none-eabi/4.8.4/../../../../arm-none-eabi/lib/armv7e-m/fpu\libg_s.a(lib_a-exit.o)
                0x0000b748                exit
 .text.__libc_init_array
                0x0000b770       0x4c c:/freescale/kds_v3/toolchain/bin/../lib/gcc/arm-none-eabi/4.8.4/../../../../arm-none-eabi/lib/armv7e-m/fpu\libg_s.a(lib_a-init.o)
                0x0000b770                __libc_init_array
 .text.memcpy   0x0000b7bc       0x12 c:/freescale/kds_v3/toolchain/bin/../lib/gcc/arm-none-eabi/4.8.4/../../../../arm-none-eabi/lib/armv7e-m/fpu\libg_s.a(lib_a-memcpy-stub.o)
                0x0000b7bc                memcpy
 .text.memset   0x0000b7ce       0x10 c:/freescale/kds_v3/toolchain/bin/../lib/gcc/arm-none-eabi/4.8.4/../../../../arm-none-eabi/lib/armv7e-m/fpu\libg_s.a(lib_a-memset.o)
                0x0000b7ce                memset
 .text.strlen   0x0000b7de       0x10 c:/freescale/kds_v3/toolchain/bin/../lib/gcc/arm-none-eabi/4.8.4/../../../../arm-none-eabi/lib/armv7e-m/fpu\libg_s.a(lib_a-strlen.o)
                0x0000b7de                strlen
 *fill*         0x0000b7ee        0x2 
 .text._exit    0x0000b7f0        0x4 c:/freescale/kds_v3/toolchain/bin/../lib/gcc/arm-none-eabi/4.8.4/../../../../arm-none-eabi/lib/armv7e-m/fpu\libnosys.a(_exit.o)
                0x0000b7f0                _exit
 *(.rodata)
 .rodata        0x0000b7f4       0x40 ./utilities/fsl_assert.o
 .rodata        0x0000b834       0x80 ./utilities/fsl_debug_console.o
 .rodata        0x0000b8b4       0x58 ./utilities/fsl_io.o
 .rodata        0x0000b90c       0x64 ./utilities/fsl_log.o
 .rodata        0x0000b970       0x40 ./usb/host/class/usb_host_hub_app.o
 .rodata        0x0000b9b0       0x94 ./sources/app.o
 .rodata        0x0000ba44      0x174 ./sources/host_mouse.o
 .rodata        0x0000bbb8       0x28 ./freertos/source/tasks.o
                0x0000bbd0                FreeRTOSDebugConfig
 .rodata        0x0000bbe0       0x10 ./freertos/source/timers.o
 .rodata        0x0000bbf0       0x78 ./drivers/fsl_clock.o
 .rodata        0x0000bc68      0x15c ./drivers/fsl_uart.o
 *(.rodata*)
 .rodata.__func__.6790
                0x0000bdc4       0x10 ./utilities/fsl_debug_console.o
 .rodata.__func__.6553
                0x0000bdd4        0x8 ./utilities/fsl_io.o
 .rodata.__func__.6838
                0x0000bddc        0xc ./utilities/fsl_log.o
 .rodata.s_EnumEntries
                0x0000bde8       0x38 ./usb/host/usb_host_devices.o
 .rodata.s_KhciInterface
                0x0000be20       0x1c ./usb/host/usb_host_hci.o
 .rodata.__func__.6358
                0x0000be3c       0x18 ./drivers/fsl_clock.o
 .rodata.__func__.6396
                0x0000be54       0x18 ./drivers/fsl_clock.o
 .rodata.__func__.6404
                0x0000be6c       0x18 ./drivers/fsl_clock.o
 .rodata.fllFactorTable.6479
                0x0000be84       0x10 ./drivers/fsl_clock.o
 .rodata.__func__.6494
                0x0000be94       0x14 ./drivers/fsl_clock.o
 .rodata.__func__.6539
                0x0000bea8       0x14 ./drivers/fsl_clock.o
 .rodata.__func__.6681
                0x0000bebc       0x14 ./drivers/fsl_clock.o
 .rodata.__func__.6748
                0x0000bed0       0x14 ./drivers/fsl_clock.o
 .rodata.s_uartBases
                0x0000bee4       0x18 ./drivers/fsl_uart.o
 .rodata.s_uartClock
                0x0000befc       0x18 ./drivers/fsl_uart.o
 .rodata.__func__.6560
                0x0000bf14       0x14 ./drivers/fsl_uart.o
 .rodata.__func__.6576
                0x0000bf28        0xc ./drivers/fsl_uart.o
 .rodata.__func__.6594
                0x0000bf34       0x18 ./drivers/fsl_uart.o
 .rodata.__func__.6654
                0x0000bf4c       0x14 ./drivers/fsl_uart.o
 .rodata.mcgConfig_BOARD_BootClockRUN
                0x0000bf60        0xc ./board/clock_config.o
                0x0000bf60                mcgConfig_BOARD_BootClockRUN
 .rodata.simConfig_BOARD_BootClockRUN
                0x0000bf6c        0x8 ./board/clock_config.o
                0x0000bf6c                simConfig_BOARD_BootClockRUN
 .rodata.oscConfig_BOARD_BootClockRUN
                0x0000bf74        0x8 ./board/clock_config.o
                0x0000bf74                oscConfig_BOARD_BootClockRUN
 .rodata.str1.1
                0x0000bf7c        0x2 c:/freescale/kds_v3/toolchain/bin/../lib/gcc/arm-none-eabi/4.8.4/../../../../arm-none-eabi/lib/armv7e-m/fpu\libg_s.a(lib_a-impure.o)
 *fill*         0x0000bf7e        0x2 
 .rodata._global_impure_ptr
                0x0000bf80        0x4 c:/freescale/kds_v3/toolchain/bin/../lib/gcc/arm-none-eabi/4.8.4/../../../../arm-none-eabi/lib/armv7e-m/fpu\libg_s.a(lib_a-impure.o)
                0x0000bf80                _global_impure_ptr
 *(.glue_7)
 .glue_7        0x00000000        0x0 linker stubs
 *(.glue_7t)
 .glue_7t       0x00000000        0x0 linker stubs
 *(.eh_frame)
 .eh_frame      0x0000bf84        0x0 c:/freescale/kds_v3/toolchain/bin/../lib/gcc/arm-none-eabi/4.8.4/armv7e-m/fpu/crtbegin.o
 *(.init)
 .init          0x0000bf84        0x4 c:/freescale/kds_v3/toolchain/bin/../lib/gcc/arm-none-eabi/4.8.4/armv7e-m/fpu/crti.o
                0x0000bf84                _init
 .init          0x0000bf88        0x8 c:/freescale/kds_v3/toolchain/bin/../lib/gcc/arm-none-eabi/4.8.4/armv7e-m/fpu/crtn.o
 *(.fini)
 .fini          0x0000bf90        0x4 c:/freescale/kds_v3/toolchain/bin/../lib/gcc/arm-none-eabi/4.8.4/armv7e-m/fpu/crti.o
                0x0000bf90                _fini
 .fini          0x0000bf94        0x8 c:/freescale/kds_v3/toolchain/bin/../lib/gcc/arm-none-eabi/4.8.4/armv7e-m/fpu/crtn.o
                0x0000bf9c                . = ALIGN (0x4)

.vfp11_veneer   0x0000bf9c        0x0
 .vfp11_veneer  0x00000000        0x0 linker stubs

.v4_bx          0x0000bf9c        0x0
 .v4_bx         0x00000000        0x0 linker stubs

.iplt           0x0000bf9c        0x0
 .iplt          0x00000000        0x0 c:/freescale/kds_v3/toolchain/bin/../lib/gcc/arm-none-eabi/4.8.4/armv7e-m/fpu/crtbegin.o

.ARM.extab
 *(.ARM.extab* .gnu.linkonce.armextab.*)

.ARM            0x0000bf9c        0x8
                0x0000bf9c                __exidx_start = .
 *(.ARM.exidx*)
 .ARM.exidx     0x0000bf9c        0x8 c:/freescale/kds_v3/toolchain/bin/../lib/gcc/arm-none-eabi/4.8.4/../../../../arm-none-eabi/lib/armv7e-m/fpu/crt0.o
                0x0000bfa4                __exidx_end = .

.rel.dyn        0x0000bfa4        0x0
 .rel.iplt      0x00000000        0x0 c:/freescale/kds_v3/toolchain/bin/../lib/gcc/arm-none-eabi/4.8.4/armv7e-m/fpu/crtbegin.o

.ctors          0x0000bfa4        0x0
                0x0000bfa4                __CTOR_LIST__ = .
 *crtbegin.o(.ctors)
 *crtbegin?.o(.ctors)
 *(EXCLUDE_FILE(*crtend.o *crtend?.o) .ctors)
 *(SORT(.ctors.*))
 *(.ctors)
                0x0000bfa4                __CTOR_END__ = .

.dtors          0x0000bfa4        0x0
                0x0000bfa4                __DTOR_LIST__ = .
 *crtbegin.o(.dtors)
 *crtbegin?.o(.dtors)
 *(EXCLUDE_FILE(*crtend.o *crtend?.o) .dtors)
 *(SORT(.dtors.*))
 *(.dtors)
                0x0000bfa4                __DTOR_END__ = .

.preinit_array  0x0000bfa4        0x0
                0x0000bfa4                PROVIDE (__preinit_array_start, .)
 *(.preinit_array*)
                0x0000bfa4                PROVIDE (__preinit_array_end, .)

.init_array     0x0000bfa4        0x4
                0x0000bfa4                PROVIDE (__init_array_start, .)
 *(SORT(.init_array.*))
 *(.init_array*)
 .init_array    0x0000bfa4        0x4 c:/freescale/kds_v3/toolchain/bin/../lib/gcc/arm-none-eabi/4.8.4/armv7e-m/fpu/crtbegin.o
                0x0000bfa8                PROVIDE (__init_array_end, .)

.fini_array     0x0000bfa8        0x4
                0x0000bfa8                PROVIDE (__fini_array_start, .)
 *(SORT(.fini_array.*))
 *(.fini_array*)
 .fini_array    0x0000bfa8        0x4 c:/freescale/kds_v3/toolchain/bin/../lib/gcc/arm-none-eabi/4.8.4/armv7e-m/fpu/crtbegin.o
                0x0000bfac                PROVIDE (__fini_array_end, .)
                0x0000bfac                __etext = .
                0x0000bfac                __DATA_ROM = .

.data           0x1fff0000       0x74 load address 0x0000bfac
                0x1fff0000                . = ALIGN (0x4)
                0x1fff0000                __DATA_RAM = .
                0x1fff0000                __data_start__ = .
 *(.data)
 *(.data*)
 .data.SystemCoreClock
                0x1fff0000        0x4 ./startup/system_MK64F12.o
                0x1fff0000                SystemCoreClock
 .data.uxCriticalNesting
                0x1fff0004        0x4 ./freertos/portable/port.o
 .data.s_slowIrcFreq
                0x1fff0008        0x4 ./drivers/fsl_clock.o
 .data.s_fastIrcFreq
                0x1fff000c        0x4 ./drivers/fsl_clock.o
 .data.impure_data
                0x1fff0010       0x60 c:/freescale/kds_v3/toolchain/bin/../lib/gcc/arm-none-eabi/4.8.4/../../../../arm-none-eabi/lib/armv7e-m/fpu\libg_s.a(lib_a-impure.o)
 *(.jcr*)
 .jcr           0x1fff0070        0x0 c:/freescale/kds_v3/toolchain/bin/../lib/gcc/arm-none-eabi/4.8.4/armv7e-m/fpu/crtbegin.o
 .jcr           0x1fff0070        0x4 c:/freescale/kds_v3/toolchain/bin/../lib/gcc/arm-none-eabi/4.8.4/armv7e-m/fpu/crtend.o
                0x1fff0074                . = ALIGN (0x4)
                0x1fff0074                __data_end__ = .
                0x0000c020                __DATA_END = (__DATA_ROM + (__data_end__ - __data_start__))
                0x00100000                text_end = (ORIGIN (m_text) + 0xffbf0)
                0x00000001                ASSERT ((__DATA_END <= text_end), region m_text overflowed with text and data)

.igot.plt       0x1fff0074        0x0 load address 0x0000c020
 .igot.plt      0x00000000        0x0 c:/freescale/kds_v3/toolchain/bin/../lib/gcc/arm-none-eabi/4.8.4/armv7e-m/fpu/crtbegin.o

.bss            0x1fff0200     0x89d0 load address 0x0000c200
                0x1fff0200                . = ALIGN (0x4)
                0x1fff0200                __START_BSS = .
                0x1fff0200                __bss_start__ = .
 *(.bss)
 .bss           0x1fff0200       0x1c c:/freescale/kds_v3/toolchain/bin/../lib/gcc/arm-none-eabi/4.8.4/armv7e-m/fpu/crtbegin.o
 *(.bss*)
 .bss.s_debugConsoleIO
                0x1fff021c        0x8 ./utilities/fsl_io.o
 .bss.s_HubDeviceHandle
                0x1fff0224        0x4 ./usb/host/class/usb_host_hub_app.o
 .bss.s_HubInterfaceHandle
                0x1fff0228        0x4 ./usb/host/class/usb_host_hub_app.o
 .bss.s_HubGlobalArray
                0x1fff022c       0x10 ./usb/host/class/usb_host_hub_app.o
 .bss.g_UsbHostInstance
                0x1fff023c      0x32c ./usb/host/usb_host_hci.o
                0x1fff023c                g_UsbHostInstance
 .bss.s_Setupbuffer
                0x1fff0568       0x80 ./usb/host/usb_host_hci.o
 *fill*         0x1fff05e8       0x18 
 .bss.bdt       0x1fff0600      0x200 ./usb/host/usb_host_khci.o
 .bss.oldFrameNumber.8257
                0x1fff0800        0x2 ./usb/host/usb_host_khci.o
 *fill*         0x1fff0802        0x2 
 .bss.totalFrameNumber.8256
                0x1fff0804        0x4 ./usb/host/usb_host_khci.o
 .bss.transferResult.8411
                0x1fff0808        0x4 ./usb/host/usb_host_khci.o
 .bss.transferResult.8418
                0x1fff080c        0x4 ./usb/host/usb_host_khci.o
 .bss.transfer.8454
                0x1fff0810        0x4 ./usb/host/usb_host_khci.o
 .bss.g_HostHandle
                0x1fff0814        0x4 ./sources/app.o
                0x1fff0814                g_HostHandle
 .bss.g_JoystickData
                0x1fff0818        0xc ./sources/host_mouse.o
                0x1fff0818                g_JoystickData
 .bss.s_MouseBuffer
                0x1fff0824       0xc8 ./sources/host_mouse.o
 .bss.g_HostHidMouse
                0x1fff08ec       0x1c ./sources/host_mouse.o
                0x1fff08ec                g_HostHidMouse
 .bss.xQueueRegistry
                0x1fff0908       0x40 ./freertos/source/queue.o
                0x1fff0908                xQueueRegistry
 .bss.pxCurrentTCB
                0x1fff0948        0x4 ./freertos/source/tasks.o
                0x1fff0948                pxCurrentTCB
 .bss.pxReadyTasksLists
                0x1fff094c      0x168 ./freertos/source/tasks.o
 .bss.xDelayedTaskList1
                0x1fff0ab4       0x14 ./freertos/source/tasks.o
 .bss.xDelayedTaskList2
                0x1fff0ac8       0x14 ./freertos/source/tasks.o
 .bss.pxDelayedTaskList
                0x1fff0adc        0x4 ./freertos/source/tasks.o
 .bss.pxOverflowDelayedTaskList
                0x1fff0ae0        0x4 ./freertos/source/tasks.o
 .bss.xPendingReadyList
                0x1fff0ae4       0x14 ./freertos/source/tasks.o
 .bss.xTasksWaitingTermination
                0x1fff0af8       0x14 ./freertos/source/tasks.o
 .bss.uxDeletedTasksWaitingCleanUp
                0x1fff0b0c        0x4 ./freertos/source/tasks.o
 .bss.xSuspendedTaskList
                0x1fff0b10       0x14 ./freertos/source/tasks.o
 .bss.uxCurrentNumberOfTasks
                0x1fff0b24        0x4 ./freertos/source/tasks.o
 .bss.xTickCount
                0x1fff0b28        0x4 ./freertos/source/tasks.o
 .bss.uxTopReadyPriority
                0x1fff0b2c        0x4 ./freertos/source/tasks.o
 .bss.xSchedulerRunning
                0x1fff0b30        0x4 ./freertos/source/tasks.o
 .bss.uxPendedTicks
                0x1fff0b34        0x4 ./freertos/source/tasks.o
 .bss.xYieldPending
                0x1fff0b38        0x4 ./freertos/source/tasks.o
 .bss.xNumOfOverflows
                0x1fff0b3c        0x4 ./freertos/source/tasks.o
 .bss.uxTaskNumber
                0x1fff0b40        0x4 ./freertos/source/tasks.o
 .bss.xNextTaskUnblockTime
                0x1fff0b44        0x4 ./freertos/source/tasks.o
 .bss.xIdleTaskHandle
                0x1fff0b48        0x4 ./freertos/source/tasks.o
 .bss.uxSchedulerSuspended
                0x1fff0b4c        0x4 ./freertos/source/tasks.o
 .bss.xActiveTimerList1
                0x1fff0b50       0x14 ./freertos/source/timers.o
 .bss.xActiveTimerList2
                0x1fff0b64       0x14 ./freertos/source/timers.o
 .bss.pxCurrentTimerList
                0x1fff0b78        0x4 ./freertos/source/timers.o
 .bss.pxOverflowTimerList
                0x1fff0b7c        0x4 ./freertos/source/timers.o
 .bss.xTimerQueue
                0x1fff0b80        0x4 ./freertos/source/timers.o
 .bss.xTimerTaskHandle
                0x1fff0b84        0x4 ./freertos/source/timers.o
 .bss.xLastTime.4861
                0x1fff0b88        0x4 ./freertos/source/timers.o
 .bss.ucHeap    0x1fff0b8c     0x8000 ./freertos/portable/heap_4.o
 .bss.xStart    0x1fff8b8c        0x8 ./freertos/portable/heap_4.o
 .bss.pxEnd     0x1fff8b94        0x4 ./freertos/portable/heap_4.o
 .bss.xFreeBytesRemaining
                0x1fff8b98        0x4 ./freertos/portable/heap_4.o
 .bss.xMinimumEverFreeBytesRemaining
                0x1fff8b9c        0x4 ./freertos/portable/heap_4.o
 .bss.xBlockAllocatedBit
                0x1fff8ba0        0x4 ./freertos/portable/heap_4.o
 .bss.ucMaxSysCallPriority
                0x1fff8ba4        0x1 ./freertos/portable/port.o
 *fill*         0x1fff8ba5        0x3 
 .bss.ulMaxPRIGROUPValue
                0x1fff8ba8        0x4 ./freertos/portable/port.o
 .bss.g_xtal0Freq
                0x1fff8bac        0x4 ./drivers/fsl_clock.o
                0x1fff8bac                g_xtal0Freq
 .bss.g_xtal32Freq
                0x1fff8bb0        0x4 ./drivers/fsl_clock.o
                0x1fff8bb0                g_xtal32Freq
 .bss.s_uartHandle
                0x1fff8bb4       0x18 ./drivers/fsl_uart.o
 .bss.s_uartIsr
                0x1fff8bcc        0x4 ./drivers/fsl_uart.o
 *(COMMON)
                0x1fff8bd0                . = ALIGN (0x4)
                0x1fff8bd0                __bss_end__ = .
                0x1fff8bd0                __END_BSS = .

.heap           0x20000000      0x100
                0x20000000                . = ALIGN (0x8)
                0x20000000                __end__ = .
                0x20000000                PROVIDE (end, .)
                0x20000000                __HeapBase = .
                0x20000100                . = (. + HEAP_SIZE)
 *fill*         0x20000000      0x100 
                0x20000100                __HeapLimit = .
                0x20000100                __heap_limit = .

.stack          0x20000100     0x2000
                0x20000100                . = ALIGN (0x8)
                0x20002100                . = (. + STACK_SIZE)
 *fill*         0x20000100     0x2000 
                0x20030000                __StackTop = (ORIGIN (m_data_2) + 0x30000)
                0x2002e000                __StackLimit = (__StackTop - STACK_SIZE)
                0x20030000                PROVIDE (__stack, __StackTop)

.ARM.attributes
                0x00000000       0x30
 *(.ARM.attributes)
 .ARM.attributes
                0x00000000       0x22 c:/freescale/kds_v3/toolchain/bin/../lib/gcc/arm-none-eabi/4.8.4/armv7e-m/fpu/crti.o
 .ARM.attributes
                0x00000022       0x34 c:/freescale/kds_v3/toolchain/bin/../lib/gcc/arm-none-eabi/4.8.4/armv7e-m/fpu/crtbegin.o
 .ARM.attributes
                0x00000056       0x20 c:/freescale/kds_v3/toolchain/bin/../lib/gcc/arm-none-eabi/4.8.4/../../../../arm-none-eabi/lib/armv7e-m/fpu/crt0.o
 .ARM.attributes
                0x00000076       0x39 ./utilities/fsl_assert.o
 .ARM.attributes
                0x000000af       0x39 ./utilities/fsl_debug_console.o
 .ARM.attributes
                0x000000e8       0x39 ./utilities/fsl_io.o
 .ARM.attributes
                0x00000121       0x39 ./utilities/fsl_log.o
 .ARM.attributes
                0x0000015a       0x39 ./utilities/fsl_str.o
 .ARM.attributes
                0x00000193       0x39 ./usb/host/class/usb_host_hid.o
 .ARM.attributes
                0x000001cc       0x39 ./usb/host/class/usb_host_hub.o
 .ARM.attributes
                0x00000205       0x39 ./usb/host/class/usb_host_hub_app.o
 .ARM.attributes
                0x0000023e       0x39 ./usb/host/usb_host_devices.o
 .ARM.attributes
                0x00000277       0x39 ./usb/host/usb_host_framework.o
 .ARM.attributes
                0x000002b0       0x39 ./usb/host/usb_host_hci.o
 .ARM.attributes
                0x000002e9       0x39 ./usb/host/usb_host_khci.o
 .ARM.attributes
                0x00000322       0x1f ./startup/startup_MK64F12.o
 .ARM.attributes
                0x00000341       0x39 ./startup/system_MK64F12.o
 .ARM.attributes
                0x0000037a       0x39 ./sources/app.o
 .ARM.attributes
                0x000003b3       0x39 ./sources/host_mouse.o
 .ARM.attributes
                0x000003ec       0x39 ./osa/usb_osa_freertos.o
 .ARM.attributes
                0x00000425       0x39 ./freertos/source/event_groups.o
 .ARM.attributes
                0x0000045e       0x39 ./freertos/source/list.o
 .ARM.attributes
                0x00000497       0x39 ./freertos/source/queue.o
 .ARM.attributes
                0x000004d0       0x39 ./freertos/source/tasks.o
 .ARM.attributes
                0x00000509       0x39 ./freertos/source/timers.o
 .ARM.attributes
                0x00000542       0x39 ./freertos/portable/fsl_tickless_systick.o
 .ARM.attributes
                0x0000057b       0x39 ./freertos/portable/heap_4.o
 .ARM.attributes
                0x000005b4       0x39 ./freertos/portable/port.o
 .ARM.attributes
                0x000005ed       0x39 ./drivers/fsl_clock.o
 .ARM.attributes
                0x00000626       0x39 ./drivers/fsl_uart.o
 .ARM.attributes
                0x0000065f       0x39 ./board/board.o
 .ARM.attributes
                0x00000698       0x39 ./board/clock_config.o
 .ARM.attributes
                0x000006d1       0x39 ./board/pin_mux.o
 .ARM.attributes
                0x0000070a       0x34 c:/freescale/kds_v3/toolchain/bin/../lib/gcc/arm-none-eabi/4.8.4/../../../../arm-none-eabi/lib/armv7e-m/fpu\libg_s.a(lib_a-exit.o)
 .ARM.attributes
                0x0000073e       0x34 c:/freescale/kds_v3/toolchain/bin/../lib/gcc/arm-none-eabi/4.8.4/../../../../arm-none-eabi/lib/armv7e-m/fpu\libg_s.a(lib_a-impure.o)
 .ARM.attributes
                0x00000772       0x34 c:/freescale/kds_v3/toolchain/bin/../lib/gcc/arm-none-eabi/4.8.4/../../../../arm-none-eabi/lib/armv7e-m/fpu\libg_s.a(lib_a-init.o)
 .ARM.attributes
                0x000007a6       0x34 c:/freescale/kds_v3/toolchain/bin/../lib/gcc/arm-none-eabi/4.8.4/../../../../arm-none-eabi/lib/armv7e-m/fpu\libg_s.a(lib_a-memcpy-stub.o)
 .ARM.attributes
                0x000007da       0x34 c:/freescale/kds_v3/toolchain/bin/../lib/gcc/arm-none-eabi/4.8.4/../../../../arm-none-eabi/lib/armv7e-m/fpu\libg_s.a(lib_a-memset.o)
 .ARM.attributes
                0x0000080e       0x34 c:/freescale/kds_v3/toolchain/bin/../lib/gcc/arm-none-eabi/4.8.4/../../../../arm-none-eabi/lib/armv7e-m/fpu\libg_s.a(lib_a-strlen.o)
 .ARM.attributes
                0x00000842       0x34 c:/freescale/kds_v3/toolchain/bin/../lib/gcc/arm-none-eabi/4.8.4/../../../../arm-none-eabi/lib/armv7e-m/fpu\libnosys.a(_exit.o)
 .ARM.attributes
                0x00000876       0x34 c:/freescale/kds_v3/toolchain/bin/../lib/gcc/arm-none-eabi/4.8.4/armv7e-m/fpu/crtend.o
 .ARM.attributes
                0x000008aa       0x22 c:/freescale/kds_v3/toolchain/bin/../lib/gcc/arm-none-eabi/4.8.4/armv7e-m/fpu/crtn.o
                0x00000001                ASSERT ((__StackLimit >= __HeapLimit), region m_data_2 overflowed with stack and heap)
OUTPUT(host_hid_mouse_freertos_frdmk64f.elf elf32-littlearm)

.debug_info     0x00000000    0x166e5
 .debug_info    0x00000000      0x110 ./utilities/fsl_assert.o
 .debug_info    0x00000110      0x3f5 ./utilities/fsl_debug_console.o
 .debug_info    0x00000505      0x807 ./utilities/fsl_io.o
 .debug_info    0x00000d0c      0x36f ./utilities/fsl_log.o
 .debug_info    0x0000107b      0x4ee ./utilities/fsl_str.o
 .debug_info    0x00001569      0xf7e ./usb/host/class/usb_host_hid.o
 .debug_info    0x000024e7      0xeae ./usb/host/class/usb_host_hub.o
 .debug_info    0x00003395     0x1299 ./usb/host/class/usb_host_hub_app.o
 .debug_info    0x0000462e     0x16ef ./usb/host/usb_host_devices.o
 .debug_info    0x00005d1d      0xd47 ./usb/host/usb_host_framework.o
 .debug_info    0x00006a64     0x14f7 ./usb/host/usb_host_hci.o
 .debug_info    0x00007f5b     0x1ad4 ./usb/host/usb_host_khci.o
 .debug_info    0x00009a2f       0xd9 ./startup/startup_MK64F12.o
 .debug_info    0x00009b08      0x5d6 ./startup/system_MK64F12.o
 .debug_info    0x0000a0de      0xdd6 ./sources/app.o
 .debug_info    0x0000aeb4      0xba3 ./sources/host_mouse.o
 .debug_info    0x0000ba57      0x94e ./osa/usb_osa_freertos.o
 .debug_info    0x0000c3a5      0x95c ./freertos/source/event_groups.o
 .debug_info    0x0000cd01      0x292 ./freertos/source/list.o
 .debug_info    0x0000cf93     0x13de ./freertos/source/queue.o
 .debug_info    0x0000e371     0x1f1c ./freertos/source/tasks.o
 .debug_info    0x0001028d      0xd0e ./freertos/source/timers.o
 .debug_info    0x00010f9b       0xad ./freertos/portable/fsl_tickless_systick.o
 .debug_info    0x00011048      0x3b5 ./freertos/portable/heap_4.o
 .debug_info    0x000113fd      0x4bf ./freertos/portable/port.o
 .debug_info    0x000118bc     0x1f03 ./drivers/fsl_clock.o
 .debug_info    0x000137bf     0x1bfa ./drivers/fsl_uart.o
 .debug_info    0x000153b9      0x2c6 ./board/board.o
 .debug_info    0x0001567f      0xa21 ./board/clock_config.o
 .debug_info    0x000160a0      0x645 ./board/pin_mux.o

.debug_abbrev   0x00000000     0x34b2
 .debug_abbrev  0x00000000       0x99 ./utilities/fsl_assert.o
 .debug_abbrev  0x00000099      0x184 ./utilities/fsl_debug_console.o
 .debug_abbrev  0x0000021d      0x1f2 ./utilities/fsl_io.o
 .debug_abbrev  0x0000040f      0x170 ./utilities/fsl_log.o
 .debug_abbrev  0x0000057f      0x17b ./utilities/fsl_str.o
 .debug_abbrev  0x000006fa      0x1cb ./usb/host/class/usb_host_hid.o
 .debug_abbrev  0x000008c5      0x1b3 ./usb/host/class/usb_host_hub.o
 .debug_abbrev  0x00000a78      0x20e ./usb/host/class/usb_host_hub_app.o
 .debug_abbrev  0x00000c86      0x231 ./usb/host/usb_host_devices.o
 .debug_abbrev  0x00000eb7      0x19f ./usb/host/usb_host_framework.o
 .debug_abbrev  0x00001056      0x269 ./usb/host/usb_host_hci.o
 .debug_abbrev  0x000012bf      0x2e3 ./usb/host/usb_host_khci.o
 .debug_abbrev  0x000015a2       0x14 ./startup/startup_MK64F12.o
 .debug_abbrev  0x000015b6      0x117 ./startup/system_MK64F12.o
 .debug_abbrev  0x000016cd      0x246 ./sources/app.o
 .debug_abbrev  0x00001913      0x211 ./sources/host_mouse.o
 .debug_abbrev  0x00001b24      0x1f8 ./osa/usb_osa_freertos.o
 .debug_abbrev  0x00001d1c      0x1f4 ./freertos/source/event_groups.o
 .debug_abbrev  0x00001f10       0xbe ./freertos/source/list.o
 .debug_abbrev  0x00001fce      0x224 ./freertos/source/queue.o
 .debug_abbrev  0x000021f2      0x2c9 ./freertos/source/tasks.o
 .debug_abbrev  0x000024bb      0x1e1 ./freertos/source/timers.o
 .debug_abbrev  0x0000269c       0x60 ./freertos/portable/fsl_tickless_systick.o
 .debug_abbrev  0x000026fc      0x1b9 ./freertos/portable/heap_4.o
 .debug_abbrev  0x000028b5      0x209 ./freertos/portable/port.o
 .debug_abbrev  0x00002abe      0x2d1 ./drivers/fsl_clock.o
 .debug_abbrev  0x00002d8f      0x2de ./drivers/fsl_uart.o
 .debug_abbrev  0x0000306d       0xfd ./board/board.o
 .debug_abbrev  0x0000316a      0x1e5 ./board/clock_config.o
 .debug_abbrev  0x0000334f      0x163 ./board/pin_mux.o

.debug_aranges  0x00000000     0x1120
 .debug_aranges
                0x00000000       0x20 ./utilities/fsl_assert.o
 .debug_aranges
                0x00000020       0x68 ./utilities/fsl_debug_console.o
 .debug_aranges
                0x00000088       0x48 ./utilities/fsl_io.o
 .debug_aranges
                0x000000d0       0x58 ./utilities/fsl_log.o
 .debug_aranges
                0x00000128       0x38 ./utilities/fsl_str.o
 .debug_aranges
                0x00000160       0xb0 ./usb/host/class/usb_host_hid.o
 .debug_aranges
                0x00000210       0x90 ./usb/host/class/usb_host_hub.o
 .debug_aranges
                0x000002a0       0x88 ./usb/host/class/usb_host_hub_app.o
 .debug_aranges
                0x00000328       0xa8 ./usb/host/usb_host_devices.o
 .debug_aranges
                0x000003d0       0x60 ./usb/host/usb_host_framework.o
 .debug_aranges
                0x00000430       0x98 ./usb/host/usb_host_hci.o
 .debug_aranges
                0x000004c8       0xf8 ./usb/host/usb_host_khci.o
 .debug_aranges
                0x000005c0       0x20 ./startup/startup_MK64F12.o
 .debug_aranges
                0x000005e0       0x28 ./startup/system_MK64F12.o
 .debug_aranges
                0x00000608       0x80 ./sources/app.o
 .debug_aranges
                0x00000688       0x50 ./sources/host_mouse.o
 .debug_aranges
                0x000006d8       0xd0 ./osa/usb_osa_freertos.o
 .debug_aranges
                0x000007a8       0x80 ./freertos/source/event_groups.o
 .debug_aranges
                0x00000828       0x40 ./freertos/source/list.o
 .debug_aranges
                0x00000868      0x118 ./freertos/source/queue.o
 .debug_aranges
                0x00000980      0x1f8 ./freertos/source/tasks.o
 .debug_aranges
                0x00000b78       0xc8 ./freertos/source/timers.o
 .debug_aranges
                0x00000c40       0x20 ./freertos/portable/fsl_tickless_systick.o
 .debug_aranges
                0x00000c60       0x50 ./freertos/portable/heap_4.o
 .debug_aranges
                0x00000cb0       0x78 ./freertos/portable/port.o
 .debug_aranges
                0x00000d28      0x1e8 ./drivers/fsl_clock.o
 .debug_aranges
                0x00000f10      0x170 ./drivers/fsl_uart.o
 .debug_aranges
                0x00001080       0x20 ./board/board.o
 .debug_aranges
                0x000010a0       0x50 ./board/clock_config.o
 .debug_aranges
                0x000010f0       0x30 ./board/pin_mux.o

.debug_ranges   0x00000000      0xf30
 .debug_ranges  0x00000000       0x10 ./utilities/fsl_assert.o
 .debug_ranges  0x00000010       0x58 ./utilities/fsl_debug_console.o
 .debug_ranges  0x00000068       0x38 ./utilities/fsl_io.o
 .debug_ranges  0x000000a0       0x48 ./utilities/fsl_log.o
 .debug_ranges  0x000000e8       0x28 ./utilities/fsl_str.o
 .debug_ranges  0x00000110       0xa0 ./usb/host/class/usb_host_hid.o
 .debug_ranges  0x000001b0       0x80 ./usb/host/class/usb_host_hub.o
 .debug_ranges  0x00000230       0x78 ./usb/host/class/usb_host_hub_app.o
 .debug_ranges  0x000002a8       0x98 ./usb/host/usb_host_devices.o
 .debug_ranges  0x00000340       0x50 ./usb/host/usb_host_framework.o
 .debug_ranges  0x00000390       0x88 ./usb/host/usb_host_hci.o
 .debug_ranges  0x00000418       0xe8 ./usb/host/usb_host_khci.o
 .debug_ranges  0x00000500       0x18 ./startup/system_MK64F12.o
 .debug_ranges  0x00000518       0x70 ./sources/app.o
 .debug_ranges  0x00000588       0x40 ./sources/host_mouse.o
 .debug_ranges  0x000005c8       0xc0 ./osa/usb_osa_freertos.o
 .debug_ranges  0x00000688       0x70 ./freertos/source/event_groups.o
 .debug_ranges  0x000006f8       0x30 ./freertos/source/list.o
 .debug_ranges  0x00000728      0x108 ./freertos/source/queue.o
 .debug_ranges  0x00000830      0x1e8 ./freertos/source/tasks.o
 .debug_ranges  0x00000a18       0xb8 ./freertos/source/timers.o
 .debug_ranges  0x00000ad0       0x10 ./freertos/portable/fsl_tickless_systick.o
 .debug_ranges  0x00000ae0       0x40 ./freertos/portable/heap_4.o
 .debug_ranges  0x00000b20       0x68 ./freertos/portable/port.o
 .debug_ranges  0x00000b88      0x1d8 ./drivers/fsl_clock.o
 .debug_ranges  0x00000d60      0x160 ./drivers/fsl_uart.o
 .debug_ranges  0x00000ec0       0x10 ./board/board.o
 .debug_ranges  0x00000ed0       0x40 ./board/clock_config.o
 .debug_ranges  0x00000f10       0x20 ./board/pin_mux.o

.debug_line     0x00000000     0x812e
 .debug_line    0x00000000      0x184 ./utilities/fsl_assert.o
 .debug_line    0x00000184      0x243 ./utilities/fsl_debug_console.o
 .debug_line    0x000003c7      0x246 ./utilities/fsl_io.o
 .debug_line    0x0000060d      0x265 ./utilities/fsl_log.o
 .debug_line    0x00000872      0x409 ./utilities/fsl_str.o
 .debug_line    0x00000c7b      0x3e8 ./usb/host/class/usb_host_hid.o
 .debug_line    0x00001063      0x356 ./usb/host/class/usb_host_hub.o
 .debug_line    0x000013b9      0x57a ./usb/host/class/usb_host_hub_app.o
 .debug_line    0x00001933      0x6b4 ./usb/host/usb_host_devices.o
 .debug_line    0x00001fe7      0x29b ./usb/host/usb_host_framework.o
 .debug_line    0x00002282      0x4d7 ./usb/host/usb_host_hci.o
 .debug_line    0x00002759      0x927 ./usb/host/usb_host_khci.o
 .debug_line    0x00003080      0x1ac ./startup/startup_MK64F12.o
 .debug_line    0x0000322c      0x16c ./startup/system_MK64F12.o
 .debug_line    0x00003398      0x3b6 ./sources/app.o
 .debug_line    0x0000374e      0x383 ./sources/host_mouse.o
 .debug_line    0x00003ad1      0x4dd ./osa/usb_osa_freertos.o
 .debug_line    0x00003fae      0x421 ./freertos/source/event_groups.o
 .debug_line    0x000043cf      0x1c3 ./freertos/source/list.o
 .debug_line    0x00004592      0x956 ./freertos/source/queue.o
 .debug_line    0x00004ee8      0xe67 ./freertos/source/tasks.o
 .debug_line    0x00005d4f      0x515 ./freertos/source/timers.o
 .debug_line    0x00006264      0x13d ./freertos/portable/fsl_tickless_systick.o
 .debug_line    0x000063a1      0x279 ./freertos/portable/heap_4.o
 .debug_line    0x0000661a      0x337 ./freertos/portable/port.o
 .debug_line    0x00006951      0x926 ./drivers/fsl_clock.o
 .debug_line    0x00007277      0x933 ./drivers/fsl_uart.o
 .debug_line    0x00007baa      0x188 ./board/board.o
 .debug_line    0x00007d32      0x236 ./board/clock_config.o
 .debug_line    0x00007f68      0x1c6 ./board/pin_mux.o

.debug_str      0x00000000     0x9526
 .debug_str     0x00000000      0x267 ./utilities/fsl_assert.o
                                0x2ad (size before relaxing)
 .debug_str     0x00000267      0x20f ./utilities/fsl_debug_console.o
                                0x474 (size before relaxing)
 .debug_str     0x00000476      0xa04 ./utilities/fsl_io.o
                                0xd27 (size before relaxing)
 .debug_str     0x00000e7a       0xba ./utilities/fsl_log.o
                                0x3fc (size before relaxing)
 .debug_str     0x00000f34      0x1fd ./utilities/fsl_str.o
                                0x489 (size before relaxing)
 .debug_str     0x00001131      0xbc4 ./usb/host/class/usb_host_hid.o
                                0xe51 (size before relaxing)
 .debug_str     0x00001cf5      0x317 ./usb/host/class/usb_host_hub.o
                                0xe96 (size before relaxing)
 .debug_str     0x0000200c      0x816 ./usb/host/class/usb_host_hub_app.o
                               0x19c0 (size before relaxing)
 .debug_str     0x00002822      0xb4d ./usb/host/usb_host_devices.o
                               0x1bc3 (size before relaxing)
 .debug_str     0x0000336f      0x387 ./usb/host/usb_host_framework.o
                                0xffb (size before relaxing)
 .debug_str     0x000036f6      0x35b ./usb/host/usb_host_hci.o
                               0x1a3e (size before relaxing)
 .debug_str     0x00003a51      0x987 ./usb/host/usb_host_khci.o
                               0x1d0c (size before relaxing)
 .debug_str     0x000043d8      0x1ec ./startup/system_MK64F12.o
                                0x445 (size before relaxing)
 .debug_str     0x000045c4      0x901 ./sources/app.o
                               0x1656 (size before relaxing)
 .debug_str     0x00004ec5      0x3f0 ./sources/host_mouse.o
                               0x1459 (size before relaxing)
 .debug_str     0x000052b5      0x31f ./osa/usb_osa_freertos.o
                                0x62d (size before relaxing)
 .debug_str     0x000055d4      0x3c0 ./freertos/source/event_groups.o
                                0x690 (size before relaxing)
 .debug_str     0x00005994       0xcd ./freertos/source/list.o
                                0x38b (size before relaxing)
 .debug_str     0x00005a61      0x54a ./freertos/source/queue.o
                                0x90b (size before relaxing)
 .debug_str     0x00005fab      0xc9a ./freertos/source/tasks.o
                               0x10e4 (size before relaxing)
 .debug_str     0x00006c45      0x50a ./freertos/source/timers.o
                                0x887 (size before relaxing)
 .debug_str     0x0000714f       0x7f ./freertos/portable/fsl_tickless_systick.o
                                0x2a6 (size before relaxing)
 .debug_str     0x000071ce      0x1fd ./freertos/portable/heap_4.o
                                0x44b (size before relaxing)
 .debug_str     0x000073cb      0x1fd ./freertos/portable/port.o
                                0x49b (size before relaxing)
 .debug_str     0x000075c8     0x1003 ./drivers/fsl_clock.o
                               0x1d4a (size before relaxing)
 .debug_str     0x000085cb      0x9f1 ./drivers/fsl_uart.o
                               0x1ea6 (size before relaxing)
 .debug_str     0x00008fbc       0x8b ./board/board.o
                                0x363 (size before relaxing)
 .debug_str     0x00009047      0x327 ./board/clock_config.o
                                0xf39 (size before relaxing)
 .debug_str     0x0000936e      0x1b8 ./board/pin_mux.o
                                0x76f (size before relaxing)

.comment        0x00000000       0x70
 .comment       0x00000000       0x70 ./utilities/fsl_assert.o
                                 0x71 (size before relaxing)
 .comment       0x00000000       0x71 ./utilities/fsl_debug_console.o
 .comment       0x00000000       0x71 ./utilities/fsl_io.o
 .comment       0x00000000       0x71 ./utilities/fsl_log.o
 .comment       0x00000000       0x71 ./utilities/fsl_str.o
 .comment       0x00000000       0x71 ./usb/host/class/usb_host_hid.o
 .comment       0x00000000       0x71 ./usb/host/class/usb_host_hub.o
 .comment       0x00000000       0x71 ./usb/host/class/usb_host_hub_app.o
 .comment       0x00000000       0x71 ./usb/host/usb_host_devices.o
 .comment       0x00000000       0x71 ./usb/host/usb_host_framework.o
 .comment       0x00000000       0x71 ./usb/host/usb_host_hci.o
 .comment       0x00000000       0x71 ./usb/host/usb_host_khci.o
 .comment       0x00000000       0x71 ./startup/system_MK64F12.o
 .comment       0x00000000       0x71 ./sources/app.o
 .comment       0x00000000       0x71 ./sources/host_mouse.o
 .comment       0x00000000       0x71 ./osa/usb_osa_freertos.o
 .comment       0x00000000       0x71 ./freertos/source/event_groups.o
 .comment       0x00000000       0x71 ./freertos/source/list.o
 .comment       0x00000000       0x71 ./freertos/source/queue.o
 .comment       0x00000000       0x71 ./freertos/source/tasks.o
 .comment       0x00000000       0x71 ./freertos/source/timers.o
 .comment       0x00000000       0x71 ./freertos/portable/fsl_tickless_systick.o
 .comment       0x00000000       0x71 ./freertos/portable/heap_4.o
 .comment       0x00000000       0x71 ./freertos/portable/port.o
 .comment       0x00000000       0x71 ./drivers/fsl_clock.o
 .comment       0x00000000       0x71 ./drivers/fsl_uart.o
 .comment       0x00000000       0x71 ./board/board.o
 .comment       0x00000000       0x71 ./board/clock_config.o
 .comment       0x00000000       0x71 ./board/pin_mux.o

.debug_frame    0x00000000     0x3908
 .debug_frame   0x00000000       0x30 ./utilities/fsl_assert.o
 .debug_frame   0x00000030      0x15c ./utilities/fsl_debug_console.o
 .debug_frame   0x0000018c       0xc0 ./utilities/fsl_io.o
 .debug_frame   0x0000024c      0x108 ./utilities/fsl_log.o
 .debug_frame   0x00000354       0x8c ./utilities/fsl_str.o
 .debug_frame   0x000003e0      0x26c ./usb/host/class/usb_host_hid.o
 .debug_frame   0x0000064c      0x1f0 ./usb/host/class/usb_host_hub.o
 .debug_frame   0x0000083c      0x1d0 ./usb/host/class/usb_host_hub_app.o
 .debug_frame   0x00000a0c      0x23c ./usb/host/usb_host_devices.o
 .debug_frame   0x00000c48      0x130 ./usb/host/usb_host_framework.o
 .debug_frame   0x00000d78      0x204 ./usb/host/usb_host_hci.o
 .debug_frame   0x00000f7c      0x384 ./usb/host/usb_host_khci.o
 .debug_frame   0x00001300       0x44 ./startup/system_MK64F12.o
 .debug_frame   0x00001344      0x19c ./sources/app.o
 .debug_frame   0x000014e0       0xe0 ./sources/host_mouse.o
 .debug_frame   0x000015c0      0x2f0 ./osa/usb_osa_freertos.o
 .debug_frame   0x000018b0      0x1a4 ./freertos/source/event_groups.o
 .debug_frame   0x00001a54       0x9c ./freertos/source/list.o
 .debug_frame   0x00001af0      0x3ec ./freertos/source/queue.o
 .debug_frame   0x00001edc      0x73c ./freertos/source/tasks.o
 .debug_frame   0x00002618      0x2b8 ./freertos/source/timers.o
 .debug_frame   0x000028d0       0x28 ./freertos/portable/fsl_tickless_systick.o
 .debug_frame   0x000028f8       0xd0 ./freertos/portable/heap_4.o
 .debug_frame   0x000029c8      0x138 ./freertos/portable/port.o
 .debug_frame   0x00002b00      0x6ac ./drivers/fsl_clock.o
 .debug_frame   0x000031ac      0x51c ./drivers/fsl_uart.o
 .debug_frame   0x000036c8       0x30 ./board/board.o
 .debug_frame   0x000036f8       0xd0 ./board/clock_config.o
 .debug_frame   0x000037c8       0x64 ./board/pin_mux.o
 .debug_frame   0x0000382c       0x28 c:/freescale/kds_v3/toolchain/bin/../lib/gcc/arm-none-eabi/4.8.4/../../../../arm-none-eabi/lib/armv7e-m/fpu\libg_s.a(lib_a-exit.o)
 .debug_frame   0x00003854       0x2c c:/freescale/kds_v3/toolchain/bin/../lib/gcc/arm-none-eabi/4.8.4/../../../../arm-none-eabi/lib/armv7e-m/fpu\libg_s.a(lib_a-init.o)
 .debug_frame   0x00003880       0x28 c:/freescale/kds_v3/toolchain/bin/../lib/gcc/arm-none-eabi/4.8.4/../../../../arm-none-eabi/lib/armv7e-m/fpu\libg_s.a(lib_a-memcpy-stub.o)
 .debug_frame   0x000038a8       0x20 c:/freescale/kds_v3/toolchain/bin/../lib/gcc/arm-none-eabi/4.8.4/../../../../arm-none-eabi/lib/armv7e-m/fpu\libg_s.a(lib_a-memset.o)
 .debug_frame   0x000038c8       0x20 c:/freescale/kds_v3/toolchain/bin/../lib/gcc/arm-none-eabi/4.8.4/../../../../arm-none-eabi/lib/armv7e-m/fpu\libg_s.a(lib_a-strlen.o)
 .debug_frame   0x000038e8       0x20 c:/freescale/kds_v3/toolchain/bin/../lib/gcc/arm-none-eabi/4.8.4/../../../../arm-none-eabi/lib/armv7e-m/fpu\libnosys.a(_exit.o)
